Archive member included to satisfy reference by file (symbol)

/opt/Atollic_TrueSTUDIO_for_STM32_x86_64_9.3.0/ARMTools/bin/../lib/gcc/arm-atollic-eabi/6.3.1/../../../../arm-atollic-eabi/lib/armv7e-m/fpu/libc_nano.a(lib_a-errno.o)
                              Src/syscalls.o (__errno)
/opt/Atollic_TrueSTUDIO_for_STM32_x86_64_9.3.0/ARMTools/bin/../lib/gcc/arm-atollic-eabi/6.3.1/../../../../arm-atollic-eabi/lib/armv7e-m/fpu/libc_nano.a(lib_a-impure.o)
                              /opt/Atollic_TrueSTUDIO_for_STM32_x86_64_9.3.0/ARMTools/bin/../lib/gcc/arm-atollic-eabi/6.3.1/../../../../arm-atollic-eabi/lib/armv7e-m/fpu/libc_nano.a(lib_a-errno.o) (_impure_ptr)
/opt/Atollic_TrueSTUDIO_for_STM32_x86_64_9.3.0/ARMTools/bin/../lib/gcc/arm-atollic-eabi/6.3.1/../../../../arm-atollic-eabi/lib/armv7e-m/fpu/libc_nano.a(lib_a-init.o)
                              startup/startup_stm32f401xe.o (__libc_init_array)
/opt/Atollic_TrueSTUDIO_for_STM32_x86_64_9.3.0/ARMTools/bin/../lib/gcc/arm-atollic-eabi/6.3.1/../../../../arm-atollic-eabi/lib/armv7e-m/fpu/libc_nano.a(lib_a-memcpy-stub.o)
                              Middlewares/Third_Party/FreeRTOS/Source/queue.o (memcpy)
/opt/Atollic_TrueSTUDIO_for_STM32_x86_64_9.3.0/ARMTools/bin/../lib/gcc/arm-atollic-eabi/6.3.1/../../../../arm-atollic-eabi/lib/armv7e-m/fpu/libc_nano.a(lib_a-memset.o)
                              Drivers/BSP/Components/l6206/l6206.o (memset)
/opt/Atollic_TrueSTUDIO_for_STM32_x86_64_9.3.0/ARMTools/bin/../lib/gcc/arm-atollic-eabi/6.3.1/../../../../arm-atollic-eabi/lib/armv7e-m/fpu/libc_nano.a(lib_a-strtol.o)
                              Src/main.o (strtol)
/opt/Atollic_TrueSTUDIO_for_STM32_x86_64_9.3.0/ARMTools/bin/../lib/gcc/arm-atollic-eabi/6.3.1/../../../../arm-atollic-eabi/lib/armv7e-m/fpu/libc_nano.a(lib_a-locale.o)
                              /opt/Atollic_TrueSTUDIO_for_STM32_x86_64_9.3.0/ARMTools/bin/../lib/gcc/arm-atollic-eabi/6.3.1/../../../../arm-atollic-eabi/lib/armv7e-m/fpu/libc_nano.a(lib_a-strtol.o) (__locale_ctype_ptr_l)
/opt/Atollic_TrueSTUDIO_for_STM32_x86_64_9.3.0/ARMTools/bin/../lib/gcc/arm-atollic-eabi/6.3.1/../../../../arm-atollic-eabi/lib/armv7e-m/fpu/libc_nano.a(lib_a-mbtowc_r.o)
                              /opt/Atollic_TrueSTUDIO_for_STM32_x86_64_9.3.0/ARMTools/bin/../lib/gcc/arm-atollic-eabi/6.3.1/../../../../arm-atollic-eabi/lib/armv7e-m/fpu/libc_nano.a(lib_a-locale.o) (__ascii_mbtowc)
/opt/Atollic_TrueSTUDIO_for_STM32_x86_64_9.3.0/ARMTools/bin/../lib/gcc/arm-atollic-eabi/6.3.1/../../../../arm-atollic-eabi/lib/armv7e-m/fpu/libc_nano.a(lib_a-strcmp.o)
                              /opt/Atollic_TrueSTUDIO_for_STM32_x86_64_9.3.0/ARMTools/bin/../lib/gcc/arm-atollic-eabi/6.3.1/../../../../arm-atollic-eabi/lib/armv7e-m/fpu/libc_nano.a(lib_a-locale.o) (strcmp)
/opt/Atollic_TrueSTUDIO_for_STM32_x86_64_9.3.0/ARMTools/bin/../lib/gcc/arm-atollic-eabi/6.3.1/../../../../arm-atollic-eabi/lib/armv7e-m/fpu/libc_nano.a(lib_a-wctomb_r.o)
                              /opt/Atollic_TrueSTUDIO_for_STM32_x86_64_9.3.0/ARMTools/bin/../lib/gcc/arm-atollic-eabi/6.3.1/../../../../arm-atollic-eabi/lib/armv7e-m/fpu/libc_nano.a(lib_a-locale.o) (__ascii_wctomb)
/opt/Atollic_TrueSTUDIO_for_STM32_x86_64_9.3.0/ARMTools/bin/../lib/gcc/arm-atollic-eabi/6.3.1/../../../../arm-atollic-eabi/lib/armv7e-m/fpu/libc_nano.a(lib_a-ctype_.o)
                              /opt/Atollic_TrueSTUDIO_for_STM32_x86_64_9.3.0/ARMTools/bin/../lib/gcc/arm-atollic-eabi/6.3.1/../../../../arm-atollic-eabi/lib/armv7e-m/fpu/libc_nano.a(lib_a-locale.o) (_ctype_)
/opt/Atollic_TrueSTUDIO_for_STM32_x86_64_9.3.0/ARMTools/bin/../lib/gcc/arm-atollic-eabi/6.3.1/armv7e-m/fpu/libgcc.a(_aeabi_uldivmod.o)
                              Drivers/STM32F4xx_HAL_Driver/Src/stm32f4xx_hal_rcc.o (__aeabi_uldivmod)
/opt/Atollic_TrueSTUDIO_for_STM32_x86_64_9.3.0/ARMTools/bin/../lib/gcc/arm-atollic-eabi/6.3.1/armv7e-m/fpu/libgcc.a(_udivmoddi4.o)
                              /opt/Atollic_TrueSTUDIO_for_STM32_x86_64_9.3.0/ARMTools/bin/../lib/gcc/arm-atollic-eabi/6.3.1/armv7e-m/fpu/libgcc.a(_aeabi_uldivmod.o) (__udivmoddi4)
/opt/Atollic_TrueSTUDIO_for_STM32_x86_64_9.3.0/ARMTools/bin/../lib/gcc/arm-atollic-eabi/6.3.1/armv7e-m/fpu/libgcc.a(_dvmd_tls.o)
                              /opt/Atollic_TrueSTUDIO_for_STM32_x86_64_9.3.0/ARMTools/bin/../lib/gcc/arm-atollic-eabi/6.3.1/armv7e-m/fpu/libgcc.a(_aeabi_uldivmod.o) (__aeabi_ldiv0)

Allocating common symbols
Common symbol       size              file

defaultTaskHandle   0x4               Src/main.o
htim4               0x40              Src/stm32f4xx_hal_timebase_tim.o
hTimPwm2A           0x40              Drivers/BSP/X-NUCLEO-IHMxx/x_nucleo_ihm04a1_stm32f4xx.o
hTimPwm1B           0x40              Drivers/BSP/X-NUCLEO-IHMxx/x_nucleo_ihm04a1_stm32f4xx.o
hTimPwm2B           0x40              Drivers/BSP/X-NUCLEO-IHMxx/x_nucleo_ihm04a1_stm32f4xx.o
uwTick              0x4               Drivers/STM32F4xx_HAL_Driver/Src/stm32f4xx_hal.o
[...]
Memory Configuration

Name             Origin             Length             Attributes
RAM              0x0000000020000000 0x0000000000018000 xrw
FLASH            0x0000000008000000 0x0000000000080000 xr
*default*        0x0000000000000000 0xffffffffffffffff

Linker script and memory map

LOAD /opt/Atollic_TrueSTUDIO_for_STM32_x86_64_9.3.0/ARMTools/bin/../lib/gcc/arm-atollic-eabi/6.3.1/armv7e-m/fpu/crti.o
LOAD /opt/Atollic_TrueSTUDIO_for_STM32_x86_64_9.3.0/ARMTools/bin/../lib/gcc/arm-atollic-eabi/6.3.1/armv7e-m/fpu/crtbegin.o
LOAD Drivers/BSP/Components/l6206/l6206.o
LOAD Drivers/BSP/STM32F4xx-Nucleo/stm32f4xx_nucleo.o
LOAD Drivers/BSP/X-NUCLEO-IHMxx/x_nucleo_ihm04a1_stm32f4xx.o
LOAD Drivers/BSP/X-NUCLEO-IHMxx/x_nucleo_ihmxx.o
LOAD Drivers/STM32F4xx_HAL_Driver/Src/stm32f4xx_hal.o
LOAD Drivers/STM32F4xx_HAL_Driver/Src/stm32f4xx_hal_cortex.o
LOAD Drivers/STM32F4xx_HAL_Driver/Src/stm32f4xx_hal_dma.o
LOAD Drivers/STM32F4xx_HAL_Driver/Src/stm32f4xx_hal_dma_ex.o
LOAD Drivers/STM32F4xx_HAL_Driver/Src/stm32f4xx_hal_exti.o
LOAD Drivers/STM32F4xx_HAL_Driver/Src/stm32f4xx_hal_flash.o
LOAD Drivers/STM32F4xx_HAL_Driver/Src/stm32f4xx_hal_flash_ex.o
LOAD Drivers/STM32F4xx_HAL_Driver/Src/stm32f4xx_hal_flash_ramfunc.o
LOAD Drivers/STM32F4xx_HAL_Driver/Src/stm32f4xx_hal_gpio.o
LOAD Drivers/STM32F4xx_HAL_Driver/Src/stm32f4xx_hal_pwr.o
LOAD Drivers/STM32F4xx_HAL_Driver/Src/stm32f4xx_hal_pwr_ex.o
LOAD Drivers/STM32F4xx_HAL_Driver/Src/stm32f4xx_hal_rcc.o
LOAD Drivers/STM32F4xx_HAL_Driver/Src/stm32f4xx_hal_rcc_ex.o
LOAD Drivers/STM32F4xx_HAL_Driver/Src/stm32f4xx_hal_tim.o
LOAD Drivers/STM32F4xx_HAL_Driver/Src/stm32f4xx_hal_tim_ex.o
LOAD Drivers/STM32F4xx_HAL_Driver/Src/stm32f4xx_hal_uart.o
LOAD Middlewares/Third_Party/FreeRTOS/Source/CMSIS_RTOS/cmsis_os.o
LOAD Middlewares/Third_Party/FreeRTOS/Source/croutine.o
LOAD Middlewares/Third_Party/FreeRTOS/Source/event_groups.o
LOAD Middlewares/Third_Party/FreeRTOS/Source/list.o
LOAD Middlewares/Third_Party/FreeRTOS/Source/portable/GCC/ARM_CM4F/port.o
LOAD Middlewares/Third_Party/FreeRTOS/Source/portable/MemMang/heap_4.o
LOAD Middlewares/Third_Party/FreeRTOS/Source/queue.o
LOAD Middlewares/Third_Party/FreeRTOS/Source/stream_buffer.o
LOAD Middlewares/Third_Party/FreeRTOS/Source/tasks.o
LOAD Middlewares/Third_Party/FreeRTOS/Source/timers.o
LOAD Src/freertos.o
LOAD Src/main.o
LOAD Src/stm32f4xx_hal_msp.o
LOAD Src/stm32f4xx_hal_timebase_tim.o
LOAD Src/stm32f4xx_it.o
LOAD Src/syscalls.o
LOAD Src/system_stm32f4xx.o
LOAD startup/startup_stm32f401xe.o
                0x0000000000000080                malloc_getpagesize_P = 0x80
START GROUP
LOAD /opt/Atollic_TrueSTUDIO_for_STM32_x86_64_9.3.0/ARMTools/bin/../lib/gcc/arm-atollic-eabi/6.3.1/../../../../arm-atollic-eabi/lib/armv7e-m/fpu/libc_nano.a
LOAD /opt/Atollic_TrueSTUDIO_for_STM32_x86_64_9.3.0/ARMTools/bin/../lib/gcc/arm-atollic-eabi/6.3.1/../../../../arm-atollic-eabi/lib/armv7e-m/fpu/libm.a
END GROUP
START GROUP
LOAD /opt/Atollic_TrueSTUDIO_for_STM32_x86_64_9.3.0/ARMTools/bin/../lib/gcc/arm-atollic-eabi/6.3.1/armv7e-m/fpu/libgcc.a
LOAD /opt/Atollic_TrueSTUDIO_for_STM32_x86_64_9.3.0/ARMTools/bin/../lib/gcc/arm-atollic-eabi/6.3.1/../../../../arm-atollic-eabi/lib/armv7e-m/fpu/libc_nano.a
END GROUP
START GROUP
LOAD /opt/Atollic_TrueSTUDIO_for_STM32_x86_64_9.3.0/ARMTools/bin/../lib/gcc/arm-atollic-eabi/6.3.1/armv7e-m/fpu/libgcc.a
LOAD /opt/Atollic_TrueSTUDIO_for_STM32_x86_64_9.3.0/ARMTools/bin/../lib/gcc/arm-atollic-eabi/6.3.1/../../../../arm-atollic-eabi/lib/armv7e-m/fpu/libc_nano.a
LOAD /opt/Atollic_TrueSTUDIO_for_STM32_x86_64_9.3.0/ARMTools/bin/../lib/gcc/arm-atollic-eabi/6.3.1/../../../../arm-atollic-eabi/lib/armv7e-m/fpu/libnosys.a
END GROUP
START GROUP
LOAD /opt/Atollic_TrueSTUDIO_for_STM32_x86_64_9.3.0/ARMTools/bin/../lib/gcc/arm-atollic-eabi/6.3.1/armv7e-m/fpu/libgcc.a
LOAD /opt/Atollic_TrueSTUDIO_for_STM32_x86_64_9.3.0/ARMTools/bin/../lib/gcc/arm-atollic-eabi/6.3.1/../../../../arm-atollic-eabi/lib/armv7e-m/fpu/libc_nano.a
LOAD /opt/Atollic_TrueSTUDIO_for_STM32_x86_64_9.3.0/ARMTools/bin/../lib/gcc/arm-atollic-eabi/6.3.1/../../../../arm-atollic-eabi/lib/armv7e-m/fpu/libnosys.a
END GROUP
LOAD /opt/Atollic_TrueSTUDIO_for_STM32_x86_64_9.3.0/ARMTools/bin/../lib/gcc/arm-atollic-eabi/6.3.1/armv7e-m/fpu/crtend.o
LOAD /opt/Atollic_TrueSTUDIO_for_STM32_x86_64_9.3.0/ARMTools/bin/../lib/gcc/arm-atollic-eabi/6.3.1/armv7e-m/fpu/crtn.o
                0x0000000020018000                _estack = 0x20018000
                0x0000000000000200                _Min_Heap_Size = 0x200
                0x0000000000000400                _Min_Stack_Size = 0x400

.isr_vector     0x0000000008000000      0x194
                0x0000000008000000                . = ALIGN (0x4)
 *(.isr_vector)
 .isr_vector    0x0000000008000000      0x194 startup/startup_stm32f401xe.o
                0x0000000008000000                g_pfnVectors
                0x0000000008000194                . = ALIGN (0x4)

.text           0x00000000080001a0     0x40a8
                0x00000000080001a0                . = ALIGN (0x4)
 *(.text)
 .text          0x00000000080001a0       0x40 /opt/Atollic_TrueSTUDIO_for_STM32_x86_64_9.3.0/ARMTools/bin/../lib/gcc/arm-atollic-eabi/6.3.1/armv7e-m/fpu/crtbegin.o
 .text          0x00000000080001e0       0x30 /opt/Atollic_TrueSTUDIO_for_STM32_x86_64_9.3.0/ARMTools/bin/../lib/gcc/arm-atollic-eabi/6.3.1/armv7e-m/fpu/libgcc.a(_aeabi_uldivmod.o)
                0x00000000080001e0                __aeabi_uldivmod
 .text          0x0000000008000210      0x2dc /opt/Atollic_TrueSTUDIO_for_STM32_x86_64_9.3.0/ARMTools/bin/../lib/gcc/arm-atollic-eabi/6.3.1/armv7e-m/fpu/libgcc.a(_udivmoddi4.o)
                0x0000000008000210                __udivmoddi4
 .text          0x00000000080004ec        0x4 /opt/Atollic_TrueSTUDIO_for_STM32_x86_64_9.3.0/ARMTools/bin/../lib/gcc/arm-atollic-eabi/6.3.1/armv7e-m/fpu/libgcc.a(_dvmd_tls.o)
                0x00000000080004ec                __aeabi_ldiv0
                0x00000000080004ec                __aeabi_idiv0
 *(.text*)
 .text.L6206_AttachErrorHandler
                0x00000000080004f0        0xc Drivers/BSP/Components/l6206/l6206.o
                0x00000000080004f0                L6206_AttachErrorHandler
 .text.L6206_AttachFlagInterrupt
                0x00000000080004fc        0xc Drivers/BSP/Components/l6206/l6206.o
                0x00000000080004fc                L6206_AttachFlagInterrupt
 .text.L6206_GetBridgeInputPwmFreq
                0x0000000008000508       0x10 Drivers/BSP/Components/l6206/l6206.o
                0x0000000008000508                L6206_GetBridgeInputPwmFreq
 .text.L6206_GetFwVersion
                0x0000000008000518        0x4 Drivers/BSP/Components/l6206/l6206.o
                0x0000000008000518                L6206_GetFwVersion
 .text.L6206_ReadId
                0x000000000800051c        0xc Drivers/BSP/Components/l6206/l6206.o
                0x000000000800051c                L6206_ReadId
 .text.L6206_SetNbDevices
                0x0000000008000528        0xa Drivers/BSP/Components/l6206/l6206.o
                0x0000000008000528                L6206_SetNbDevices
 *fill*         0x0000000008000532        0x2 
 .text.L6206_ErrorHandler
                0x0000000008000534       0x10 Drivers/BSP/Components/l6206/l6206.o
                0x0000000008000534                L6206_ErrorHandler
 .text.L6206_GetCurrentSpeed
                0x0000000008000544       0x34 Drivers/BSP/Components/l6206/l6206.o
                0x0000000008000544                L6206_GetCurrentSpeed
 .text.L6206_GetDeviceState
                0x0000000008000578       0x2c Drivers/BSP/Components/l6206/l6206.o
                0x0000000008000578                L6206_GetDeviceState
 .text.L6206_GetMaxSpeed
                0x00000000080005a4       0x2c Drivers/BSP/Components/l6206/l6206.o
                0x00000000080005a4                L6206_GetMaxSpeed
 .text.L6206_GetBridgeStatus
                0x00000000080005d0        0xa Drivers/BSP/Components/l6206/l6206.o
                0x00000000080005d0                L6206_GetBridgeStatus
 *fill*         0x00000000080005da        0x2 
 .text.L6206_FlagInterruptHandler
                0x00000000080005dc       0x44 Drivers/BSP/Components/l6206/l6206.o
                0x00000000080005dc                L6206_FlagInterruptHandler
 .text.L6206_SetDualFullBridgeConfig
                0x0000000008000620       0xb4 Drivers/BSP/Components/l6206/l6206.o
                0x0000000008000620                L6206_SetDualFullBridgeConfig
 .text.L6206_DisableBridge
                0x00000000080006d4       0x38 Drivers/BSP/Components/l6206/l6206.o
                0x00000000080006d4                L6206_DisableBridge
 .text.L6206_EnableBridge
                0x000000000800070c       0x44 Drivers/BSP/Components/l6206/l6206.o
                0x000000000800070c                L6206_EnableBridge
 .text.L6206_GetMotorHandle
                0x0000000008000750        0x8 Drivers/BSP/Components/l6206/l6206.o
                0x0000000008000750                L6206_GetMotorHandle
 .text.L6206_GetBridgeIdUsedByMotorId
                0x0000000008000758       0x34 Drivers/BSP/Components/l6206/l6206.o
                0x0000000008000758                L6206_GetBridgeIdUsedByMotorId
 .text.L6206_GetMotorIdUsingbridgeInput
                0x000000000800078c       0x54 Drivers/BSP/Components/l6206/l6206.o
                0x000000000800078c                L6206_GetMotorIdUsingbridgeInput
 .text.L6206_GetBridgeInputUsedByMotorId
                0x00000000080007e0       0x8c Drivers/BSP/Components/l6206/l6206.o
                0x00000000080007e0                L6206_GetBridgeInputUsedByMotorId
 .text.L6206_GetSecondBridgeInputUsedByMotorId
                0x000000000800086c       0x64 Drivers/BSP/Components/l6206/l6206.o
                0x000000000800086c                L6206_GetSecondBridgeInputUsedByMotorId
 .text.L6206_IsBidirectionnalMotor
                0x00000000080008d0       0x3c Drivers/BSP/Components/l6206/l6206.o
                0x00000000080008d0                L6206_IsBidirectionnalMotor
 .text.L6206_HardStop
                0x000000000800090c       0x58 Drivers/BSP/Components/l6206/l6206.o
                0x000000000800090c                L6206_HardStop
 .text.L6206_HardHiz
                0x0000000008000964       0x80 Drivers/BSP/Components/l6206/l6206.o
                0x0000000008000964                L6206_HardHiz
 .text.L6206_Run
                0x00000000080009e4       0xa0 Drivers/BSP/Components/l6206/l6206.o
                0x00000000080009e4                L6206_Run
 .text.L6206_SetMaxSpeed
                0x0000000008000a84       0x60 Drivers/BSP/Components/l6206/l6206.o
                0x0000000008000a84                L6206_SetMaxSpeed
 .text.L6206_SetBridgeInputPwmFreq
                0x0000000008000ae4       0x88 Drivers/BSP/Components/l6206/l6206.o
                0x0000000008000ae4                L6206_SetBridgeInputPwmFreq
 .text.L6206_SetDeviceParamsToPredefinedValues
                0x0000000008000b6c       0x3c Drivers/BSP/Components/l6206/l6206.o
                0x0000000008000b6c                L6206_SetDeviceParamsToPredefinedValues
 .text.L6206_SetDeviceParamsToGivenValues
                0x0000000008000ba8       0x20 Drivers/BSP/Components/l6206/l6206.o
                0x0000000008000ba8                L6206_SetDeviceParamsToGivenValues
 .text.L6206_Init
                0x0000000008000bc8       0x34 Drivers/BSP/Components/l6206/l6206.o
                0x0000000008000bc8                L6206_Init
 .text.BSP_PB_Init
                0x0000000008000bfc       0x78 Drivers/BSP/STM32F4xx-Nucleo/stm32f4xx_nucleo.o
                0x0000000008000bfc                BSP_PB_Init
 .text.L6206_Board_DisableBridge
                0x0000000008000c74       0x50 Drivers/BSP/X-NUCLEO-IHMxx/x_nucleo_ihm04a1_stm32f4xx.o
                0x0000000008000c74                L6206_Board_DisableBridge
 .text.L6206_Board_EnableBridge
                0x0000000008000cc4       0x68 Drivers/BSP/X-NUCLEO-IHMxx/x_nucleo_ihm04a1_stm32f4xx.o
                0x0000000008000cc4                L6206_Board_EnableBridge
 .text.L6206_Board_GetFlagPinState
                0x0000000008000d2c       0x24 Drivers/BSP/X-NUCLEO-IHMxx/x_nucleo_ihm04a1_stm32f4xx.o
                0x0000000008000d2c                L6206_Board_GetFlagPinState
 .text.L6206_Board_GpioInit
                0x0000000008000d50       0xb4 Drivers/BSP/X-NUCLEO-IHMxx/x_nucleo_ihm04a1_stm32f4xx.o
                0x0000000008000d50                L6206_Board_GpioInit
 .text.L6206_Board_PwmDeInit
                0x0000000008000e04       0x48 Drivers/BSP/X-NUCLEO-IHMxx/x_nucleo_ihm04a1_stm32f4xx.o
                0x0000000008000e04                L6206_Board_PwmDeInit
 .text.L6206_Board_PwmInit
                0x0000000008000e4c       0x84 Drivers/BSP/X-NUCLEO-IHMxx/x_nucleo_ihm04a1_stm32f4xx.o
                0x0000000008000e4c                L6206_Board_PwmInit
 .text.L6206_Board_PwmSetFreq
                0x0000000008000ed0       0x88 Drivers/BSP/X-NUCLEO-IHMxx/x_nucleo_ihm04a1_stm32f4xx.o
                0x0000000008000ed0                L6206_Board_PwmSetFreq
 .text.L6206_Board_PwmStop
                0x0000000008000f58       0x38 Drivers/BSP/X-NUCLEO-IHMxx/x_nucleo_ihm04a1_stm32f4xx.o
                0x0000000008000f58                L6206_Board_PwmStop
 .text.L6474_GetMotorHandle
                0x0000000008000f90        0x4 Drivers/BSP/X-NUCLEO-IHMxx/x_nucleo_ihmxx.o
                0x0000000008000f90                L6474_GetMotorHandle
 .text.l647x_GetMotorHandle
                0x0000000008000f94        0x4 Drivers/BSP/X-NUCLEO-IHMxx/x_nucleo_ihmxx.o
                0x0000000008000f94                l647x_GetMotorHandle
 .text.l648x_GetMotorHandle
                0x0000000008000f98        0x4 Drivers/BSP/X-NUCLEO-IHMxx/x_nucleo_ihmxx.o
                0x0000000008000f98                l648x_GetMotorHandle
 .text.Powerstep01_GetMotorHandle
                0x0000000008000f9c        0x4 Drivers/BSP/X-NUCLEO-IHMxx/x_nucleo_ihmxx.o
                0x0000000008000f9c                Powerstep01_GetMotorHandle
 .text.L6208_GetMotorHandle
                0x0000000008000fa0        0x4 Drivers/BSP/X-NUCLEO-IHMxx/x_nucleo_ihmxx.o
                0x0000000008000fa0                L6208_GetMotorHandle
 .text.Stspin220_GetMotorHandle
                0x0000000008000fa4        0x4 Drivers/BSP/X-NUCLEO-IHMxx/x_nucleo_ihmxx.o
                0x0000000008000fa4                Stspin220_GetMotorHandle
 .text.Stspin240_250_GetMotorHandle
                0x0000000008000fa8        0x4 Drivers/BSP/X-NUCLEO-IHMxx/x_nucleo_ihmxx.o
                0x0000000008000fa8                Stspin240_250_GetMotorHandle
 .text.BSP_MotorControl_ErrorHandler
                0x0000000008000fac       0x14 Drivers/BSP/X-NUCLEO-IHMxx/x_nucleo_ihmxx.o
                0x0000000008000fac                BSP_MotorControl_ErrorHandler
 .text.BSP_MotorControl_AttachErrorHandler
                0x0000000008000fc0       0x18 Drivers/BSP/X-NUCLEO-IHMxx/x_nucleo_ihmxx.o
                0x0000000008000fc0                BSP_MotorControl_AttachErrorHandler
 .text.BSP_MotorControl_AttachFlagInterrupt
                0x0000000008000fd8       0x18 Drivers/BSP/X-NUCLEO-IHMxx/x_nucleo_ihmxx.o
                0x0000000008000fd8                BSP_MotorControl_AttachFlagInterrupt
 .text.BSP_MotorControl_Init
                0x0000000008000ff0       0x1c Drivers/BSP/X-NUCLEO-IHMxx/x_nucleo_ihmxx.o
                0x0000000008000ff0                BSP_MotorControl_Init
 .text.BSP_MotorControl_FlagInterruptHandler
                0x000000000800100c       0x18 Drivers/BSP/X-NUCLEO-IHMxx/x_nucleo_ihmxx.o
                0x000000000800100c                BSP_MotorControl_FlagInterruptHandler
 .text.BSP_MotorControl_GetDeviceState
                0x0000000008001024       0x24 Drivers/BSP/X-NUCLEO-IHMxx/x_nucleo_ihmxx.o
                0x0000000008001024                BSP_MotorControl_GetDeviceState
 .text.BSP_MotorControl_Run
                0x0000000008001048       0x18 Drivers/BSP/X-NUCLEO-IHMxx/x_nucleo_ihmxx.o
                0x0000000008001048                BSP_MotorControl_Run
 .text.BSP_MotorControl_SetMaxSpeed
                0x0000000008001060       0x24 Drivers/BSP/X-NUCLEO-IHMxx/x_nucleo_ihmxx.o
                0x0000000008001060                BSP_MotorControl_SetMaxSpeed
 .text.BSP_MotorControl_CmdGetStatus
                0x0000000008001084       0x24 Drivers/BSP/X-NUCLEO-IHMxx/x_nucleo_ihmxx.o
                0x0000000008001084                BSP_MotorControl_CmdGetStatus
 .text.BSP_MotorControl_SetDualFullBridgeConfig
                0x00000000080010a8       0x1c Drivers/BSP/X-NUCLEO-IHMxx/x_nucleo_ihmxx.o
                0x00000000080010a8                BSP_MotorControl_SetDualFullBridgeConfig
 .text.BSP_MotorControl_SetBridgeInputPwmFreq
                0x00000000080010c4       0x1c Drivers/BSP/X-NUCLEO-IHMxx/x_nucleo_ihmxx.o
                0x00000000080010c4                BSP_MotorControl_SetBridgeInputPwmFreq
 .text.BSP_MotorControl_SetNbDevices
                0x00000000080010e0       0xa4 Drivers/BSP/X-NUCLEO-IHMxx/x_nucleo_ihmxx.o
                0x00000000080010e0                BSP_MotorControl_SetNbDevices
 .text.HAL_Init
                0x0000000008001184       0x34 Drivers/STM32F4xx_HAL_Driver/Src/stm32f4xx_hal.o
                0x0000000008001184                HAL_Init
 .text.HAL_IncTick
                0x00000000080011b8       0x18 Drivers/STM32F4xx_HAL_Driver/Src/stm32f4xx_hal.o
                0x00000000080011b8                HAL_IncTick
 .text.HAL_GetTick
                0x00000000080011d0        0xc Drivers/STM32F4xx_HAL_Driver/Src/stm32f4xx_hal.o
                0x00000000080011d0                HAL_GetTick
 .text.HAL_Delay
                0x00000000080011dc       0x28 Drivers/STM32F4xx_HAL_Driver/Src/stm32f4xx_hal.o
                0x00000000080011dc                HAL_Delay
 .text.HAL_NVIC_SetPriorityGrouping
                0x0000000008001204       0x24 Drivers/STM32F4xx_HAL_Driver/Src/stm32f4xx_hal_cortex.o
                0x0000000008001204                HAL_NVIC_SetPriorityGrouping
 .text.HAL_NVIC_SetPriority
                0x0000000008001228       0x68 Drivers/STM32F4xx_HAL_Driver/Src/stm32f4xx_hal_cortex.o
                0x0000000008001228                HAL_NVIC_SetPriority
 .text.HAL_NVIC_EnableIRQ
                0x0000000008001290       0x1c Drivers/STM32F4xx_HAL_Driver/Src/stm32f4xx_hal_cortex.o
                0x0000000008001290                HAL_NVIC_EnableIRQ
 .text.HAL_NVIC_ClearPendingIRQ
                0x00000000080012ac       0x20 Drivers/STM32F4xx_HAL_Driver/Src/stm32f4xx_hal_cortex.o
                0x00000000080012ac                HAL_NVIC_ClearPendingIRQ
 .text.HAL_GPIO_Init
                0x00000000080012cc      0x1ac Drivers/STM32F4xx_HAL_Driver/Src/stm32f4xx_hal_gpio.o
                0x00000000080012cc                HAL_GPIO_Init
 .text.HAL_GPIO_DeInit
                0x0000000008001478       0xec Drivers/STM32F4xx_HAL_Driver/Src/stm32f4xx_hal_gpio.o
                0x0000000008001478                HAL_GPIO_DeInit
 .text.HAL_GPIO_ReadPin
                0x0000000008001564        0xc Drivers/STM32F4xx_HAL_Driver/Src/stm32f4xx_hal_gpio.o
                0x0000000008001564                HAL_GPIO_ReadPin
 .text.HAL_GPIO_WritePin
                0x0000000008001570        0xa Drivers/STM32F4xx_HAL_Driver/Src/stm32f4xx_hal_gpio.o
                0x0000000008001570                HAL_GPIO_WritePin
 *fill*         0x000000000800157a        0x2 
 .text.HAL_GPIO_EXTI_IRQHandler
                0x000000000800157c       0x18 Drivers/STM32F4xx_HAL_Driver/Src/stm32f4xx_hal_gpio.o
                0x000000000800157c                HAL_GPIO_EXTI_IRQHandler
 .text.HAL_RCC_OscConfig
                0x0000000008001594      0x304 Drivers/STM32F4xx_HAL_Driver/Src/stm32f4xx_hal_rcc.o
                0x0000000008001594                HAL_RCC_OscConfig
 .text.HAL_RCC_GetSysClockFreq
                0x0000000008001898       0x5c Drivers/STM32F4xx_HAL_Driver/Src/stm32f4xx_hal_rcc.o
                0x0000000008001898                HAL_RCC_GetSysClockFreq
 .text.HAL_RCC_ClockConfig
                0x00000000080018f4      0x134 Drivers/STM32F4xx_HAL_Driver/Src/stm32f4xx_hal_rcc.o
                0x00000000080018f4                HAL_RCC_ClockConfig
 .text.HAL_RCC_GetPCLK1Freq
                0x0000000008001a28       0x20 Drivers/STM32F4xx_HAL_Driver/Src/stm32f4xx_hal_rcc.o
                0x0000000008001a28                HAL_RCC_GetPCLK1Freq
 .text.HAL_RCC_GetPCLK2Freq
                0x0000000008001a48       0x20 Drivers/STM32F4xx_HAL_Driver/Src/stm32f4xx_hal_rcc.o
                0x0000000008001a48                HAL_RCC_GetPCLK2Freq
 .text.HAL_RCC_GetClockConfig
                0x0000000008001a68       0x3c Drivers/STM32F4xx_HAL_Driver/Src/stm32f4xx_hal_rcc.o
                0x0000000008001a68                HAL_RCC_GetClockConfig
 .text.TIM_OC1_SetConfig
                0x0000000008001aa4       0x50 Drivers/STM32F4xx_HAL_Driver/Src/stm32f4xx_hal_tim.o
 .text.TIM_OC3_SetConfig
                0x0000000008001af4       0x54 Drivers/STM32F4xx_HAL_Driver/Src/stm32f4xx_hal_tim.o
 .text.TIM_OC4_SetConfig
                0x0000000008001b48       0x44 Drivers/STM32F4xx_HAL_Driver/Src/stm32f4xx_hal_tim.o
 .text.HAL_TIM_Base_MspInit
                0x0000000008001b8c        0x2 Drivers/STM32F4xx_HAL_Driver/Src/stm32f4xx_hal_tim.o
                0x0000000008001b8c                HAL_TIM_Base_MspInit
 .text.HAL_TIM_Base_Start_IT
                0x0000000008001b8e       0x20 Drivers/STM32F4xx_HAL_Driver/Src/stm32f4xx_hal_tim.o
                0x0000000008001b8e                HAL_TIM_Base_Start_IT
 .text.HAL_TIM_PWM_DeInit
                0x0000000008001bae       0x3a Drivers/STM32F4xx_HAL_Driver/Src/stm32f4xx_hal_tim.o
                0x0000000008001bae                HAL_TIM_PWM_DeInit
 .text.HAL_TIM_OC_DelayElapsedCallback
                0x0000000008001be8        0x2 Drivers/STM32F4xx_HAL_Driver/Src/stm32f4xx_hal_tim.o
                0x0000000008001be8                HAL_TIM_OC_DelayElapsedCallback
 .text.HAL_TIM_IC_CaptureCallback
                0x0000000008001bea        0x2 Drivers/STM32F4xx_HAL_Driver/Src/stm32f4xx_hal_tim.o
                0x0000000008001bea                HAL_TIM_IC_CaptureCallback
 .text.HAL_TIM_PWM_PulseFinishedCallback
                0x0000000008001bec        0x2 Drivers/STM32F4xx_HAL_Driver/Src/stm32f4xx_hal_tim.o
                0x0000000008001bec                HAL_TIM_PWM_PulseFinishedCallback
 .text.HAL_TIM_TriggerCallback
                0x0000000008001bee        0x2 Drivers/STM32F4xx_HAL_Driver/Src/stm32f4xx_hal_tim.o
                0x0000000008001bee                HAL_TIM_TriggerCallback
 .text.HAL_TIM_IRQHandler
                0x0000000008001bf0      0x144 Drivers/STM32F4xx_HAL_Driver/Src/stm32f4xx_hal_tim.o
                0x0000000008001bf0                HAL_TIM_IRQHandler
 .text.TIM_Base_SetConfig
                0x0000000008001d34       0x9c Drivers/STM32F4xx_HAL_Driver/Src/stm32f4xx_hal_tim.o
                0x0000000008001d34                TIM_Base_SetConfig
 .text.HAL_TIM_Base_Init
                0x0000000008001dd0       0x34 Drivers/STM32F4xx_HAL_Driver/Src/stm32f4xx_hal_tim.o
                0x0000000008001dd0                HAL_TIM_Base_Init
 .text.HAL_TIM_PWM_Init
                0x0000000008001e04       0x34 Drivers/STM32F4xx_HAL_Driver/Src/stm32f4xx_hal_tim.o
                0x0000000008001e04                HAL_TIM_PWM_Init
 .text.TIM_OC2_SetConfig
                0x0000000008001e38       0x58 Drivers/STM32F4xx_HAL_Driver/Src/stm32f4xx_hal_tim.o
                0x0000000008001e38                TIM_OC2_SetConfig
 .text.HAL_TIM_PWM_ConfigChannel
                0x0000000008001e90       0xc4 Drivers/STM32F4xx_HAL_Driver/Src/stm32f4xx_hal_tim.o
                0x0000000008001e90                HAL_TIM_PWM_ConfigChannel
 .text.TIM_CCxChannelCmd
                0x0000000008001f54       0x1c Drivers/STM32F4xx_HAL_Driver/Src/stm32f4xx_hal_tim.o
                0x0000000008001f54                TIM_CCxChannelCmd
 .text.HAL_TIM_PWM_Start
                0x0000000008001f70       0x38 Drivers/STM32F4xx_HAL_Driver/Src/stm32f4xx_hal_tim.o
                0x0000000008001f70                HAL_TIM_PWM_Start
 .text.HAL_TIM_PWM_Stop
                0x0000000008001fa8       0x5c Drivers/STM32F4xx_HAL_Driver/Src/stm32f4xx_hal_tim.o
                0x0000000008001fa8                HAL_TIM_PWM_Stop
 .text.HAL_TIMEx_MasterConfigSynchronization
                0x0000000008002004       0x3c Drivers/STM32F4xx_HAL_Driver/Src/stm32f4xx_hal_tim_ex.o
                0x0000000008002004                HAL_TIMEx_MasterConfigSynchronization
 .text.HAL_TIMEx_CommutCallback
                0x0000000008002040        0x2 Drivers/STM32F4xx_HAL_Driver/Src/stm32f4xx_hal_tim_ex.o
                0x0000000008002040                HAL_TIMEx_CommutCallback
 .text.HAL_TIMEx_BreakCallback
                0x0000000008002042        0x2 Drivers/STM32F4xx_HAL_Driver/Src/stm32f4xx_hal_tim_ex.o
                0x0000000008002042                HAL_TIMEx_BreakCallback
 .text.UART_SetConfig
                0x0000000008002044      0x234 Drivers/STM32F4xx_HAL_Driver/Src/stm32f4xx_hal_uart.o
 .text.UART_WaitOnFlagUntilTimeout.constprop.3
                0x0000000008002278       0x50 Drivers/STM32F4xx_HAL_Driver/Src/stm32f4xx_hal_uart.o
 .text.HAL_UART_Init
                0x00000000080022c8       0x5c Drivers/STM32F4xx_HAL_Driver/Src/stm32f4xx_hal_uart.o
                0x00000000080022c8                HAL_UART_Init
 .text.HAL_UART_Transmit
                0x0000000008002324       0xba Drivers/STM32F4xx_HAL_Driver/Src/stm32f4xx_hal_uart.o
                0x0000000008002324                HAL_UART_Transmit
 .text.HAL_UART_Receive
                0x00000000080023de       0xc0 Drivers/STM32F4xx_HAL_Driver/Src/stm32f4xx_hal_uart.o
                0x00000000080023de                HAL_UART_Receive
 .text.osKernelStart
                0x000000000800249e        0xa Middlewares/Third_Party/FreeRTOS/Source/CMSIS_RTOS/cmsis_os.o
                0x000000000800249e                osKernelStart
 .text.osThreadCreate
                0x00000000080024a8       0x50 Middlewares/Third_Party/FreeRTOS/Source/CMSIS_RTOS/cmsis_os.o
                0x00000000080024a8                osThreadCreate
 .text.osDelay  0x00000000080024f8       0x10 Middlewares/Third_Party/FreeRTOS/Source/CMSIS_RTOS/cmsis_os.o
                0x00000000080024f8                osDelay
 .text.vListInitialise
                0x0000000008002508       0x16 Middlewares/Third_Party/FreeRTOS/Source/list.o
                0x0000000008002508                vListInitialise
 .text.vListInitialiseItem
                0x000000000800251e        0x6 Middlewares/Third_Party/FreeRTOS/Source/list.o
                0x000000000800251e                vListInitialiseItem
 .text.vListInsertEnd
                0x0000000008002524       0x18 Middlewares/Third_Party/FreeRTOS/Source/list.o
                0x0000000008002524                vListInsertEnd
 .text.vListInsert
                0x000000000800253c       0x2e Middlewares/Third_Party/FreeRTOS/Source/list.o
                0x000000000800253c                vListInsert
 .text.uxListRemove
                0x000000000800256a       0x22 Middlewares/Third_Party/FreeRTOS/Source/list.o
                0x000000000800256a                uxListRemove
 .text.prvTaskExitError
                0x000000000800258c       0x40 Middlewares/Third_Party/FreeRTOS/Source/portable/GCC/ARM_CM4F/port.o
 .text.unlikely.prvPortStartFirstTask
                0x00000000080025cc       0x28 Middlewares/Third_Party/FreeRTOS/Source/portable/GCC/ARM_CM4F/port.o
 .text.unlikely.vPortEnableVFP
                0x00000000080025f4       0x14 Middlewares/Third_Party/FreeRTOS/Source/portable/GCC/ARM_CM4F/port.o
 .text.pxPortInitialiseStack
                0x0000000008002608       0x2c Middlewares/Third_Party/FreeRTOS/Source/portable/GCC/ARM_CM4F/port.o
                0x0000000008002608                pxPortInitialiseStack
 *fill*         0x0000000008002634        0xc 
 .text.SVC_Handler
                0x0000000008002640       0x24 Middlewares/Third_Party/FreeRTOS/Source/portable/GCC/ARM_CM4F/port.o
                0x0000000008002640                SVC_Handler
 .text.vPortEnterCritical
                0x0000000008002664       0x44 Middlewares/Third_Party/FreeRTOS/Source/portable/GCC/ARM_CM4F/port.o
                0x0000000008002664                vPortEnterCritical
 .text.vPortExitCritical
                0x00000000080026a8       0x28 Middlewares/Third_Party/FreeRTOS/Source/portable/GCC/ARM_CM4F/port.o
                0x00000000080026a8                vPortExitCritical
 .text.PendSV_Handler
                0x00000000080026d0       0x64 Middlewares/Third_Party/FreeRTOS/Source/portable/GCC/ARM_CM4F/port.o
                0x00000000080026d0                PendSV_Handler
 .text.SysTick_Handler
                0x0000000008002734       0x2c Middlewares/Third_Party/FreeRTOS/Source/portable/GCC/ARM_CM4F/port.o
                0x0000000008002734                SysTick_Handler
 .text.vPortSetupTimerInterrupt
                0x0000000008002760       0x34 Middlewares/Third_Party/FreeRTOS/Source/portable/GCC/ARM_CM4F/port.o
                0x0000000008002760                vPortSetupTimerInterrupt
 .text.xPortStartScheduler
                0x0000000008002794      0x10c Middlewares/Third_Party/FreeRTOS/Source/portable/GCC/ARM_CM4F/port.o
                0x0000000008002794                xPortStartScheduler
 .text.unlikely.prvInsertBlockIntoFreeList
                0x00000000080028a0       0x48 Middlewares/Third_Party/FreeRTOS/Source/portable/MemMang/heap_4.o
 .text.pvPortMalloc
                0x00000000080028e8      0x11c Middlewares/Third_Party/FreeRTOS/Source/portable/MemMang/heap_4.o
                0x00000000080028e8                pvPortMalloc
 .text.vPortFree
                0x0000000008002a04       0x70 Middlewares/Third_Party/FreeRTOS/Source/portable/MemMang/heap_4.o
                0x0000000008002a04                vPortFree
 .text.prvIsQueueEmpty
                0x0000000008002a74       0x16 Middlewares/Third_Party/FreeRTOS/Source/queue.o
 .text.unlikely.prvCopyDataToQueue
                0x0000000008002a8a       0x66 Middlewares/Third_Party/FreeRTOS/Source/queue.o
 .text.unlikely.prvCopyDataFromQueue
                0x0000000008002af0       0x2a Middlewares/Third_Party/FreeRTOS/Source/queue.o
 .text.prvUnlockQueue
                0x0000000008002b1a       0x70 Middlewares/Third_Party/FreeRTOS/Source/queue.o
 *fill*         0x0000000008002b8a        0x2 
 .text.xQueueGenericReset
                0x0000000008002b8c       0x80 Middlewares/Third_Party/FreeRTOS/Source/queue.o
                0x0000000008002b8c                xQueueGenericReset
 .text.xQueueGenericCreate
                0x0000000008002c0c       0x48 Middlewares/Third_Party/FreeRTOS/Source/queue.o
                0x0000000008002c0c                xQueueGenericCreate
 .text.xQueueGenericSend
                0x0000000008002c54      0x16c Middlewares/Third_Party/FreeRTOS/Source/queue.o
                0x0000000008002c54                xQueueGenericSend
 .text.xQueueReceive
                0x0000000008002dc0      0x148 Middlewares/Third_Party/FreeRTOS/Source/queue.o
                0x0000000008002dc0                xQueueReceive
 .text.prvAddNewTaskToReadyList
                0x0000000008002f08       0xf8 Middlewares/Third_Party/FreeRTOS/Source/tasks.o
 .text.prvResetNextTaskUnblockTime
                0x0000000008003000       0x24 Middlewares/Third_Party/FreeRTOS/Source/tasks.o
 .text.prvInitialiseNewTask.isra.2
                0x0000000008003024       0x82 Middlewares/Third_Party/FreeRTOS/Source/tasks.o
 .text.prvDeleteTCB
                0x00000000080030a6       0x36 Middlewares/Third_Party/FreeRTOS/Source/tasks.o
 .text.prvIdleTask
                0x00000000080030dc       0x64 Middlewares/Third_Party/FreeRTOS/Source/tasks.o
 .text.prvAddCurrentTaskToDelayedList
                0x0000000008003140       0x8c Middlewares/Third_Party/FreeRTOS/Source/tasks.o
 .text.xTaskCreateStatic
                0x00000000080031cc       0x6e Middlewares/Third_Party/FreeRTOS/Source/tasks.o
                0x00000000080031cc                xTaskCreateStatic
 .text.xTaskCreate
                0x000000000800323a       0x5a Middlewares/Third_Party/FreeRTOS/Source/tasks.o
                0x000000000800323a                xTaskCreate
 .text.vTaskStartScheduler
                0x0000000008003294       0x6c Middlewares/Third_Party/FreeRTOS/Source/tasks.o
                0x0000000008003294                vTaskStartScheduler
 .text.vTaskSuspendAll
                0x0000000008003300       0x10 Middlewares/Third_Party/FreeRTOS/Source/tasks.o
                0x0000000008003300                vTaskSuspendAll
 .text.xTaskIncrementTick
                0x0000000008003310      0x124 Middlewares/Third_Party/FreeRTOS/Source/tasks.o
                0x0000000008003310                xTaskIncrementTick
 .text.xTaskResumeAll
                0x0000000008003434       0xf0 Middlewares/Third_Party/FreeRTOS/Source/tasks.o
                0x0000000008003434                xTaskResumeAll
 .text.vTaskDelay
                0x0000000008003524       0x48 Middlewares/Third_Party/FreeRTOS/Source/tasks.o
                0x0000000008003524                vTaskDelay
 .text.vTaskSwitchContext
                0x000000000800356c       0x74 Middlewares/Third_Party/FreeRTOS/Source/tasks.o
                0x000000000800356c                vTaskSwitchContext
 .text.vTaskPlaceOnEventList
                0x00000000080035e0       0x34 Middlewares/Third_Party/FreeRTOS/Source/tasks.o
                0x00000000080035e0                vTaskPlaceOnEventList
 .text.xTaskRemoveFromEventList
                0x0000000008003614       0x84 Middlewares/Third_Party/FreeRTOS/Source/tasks.o
                0x0000000008003614                xTaskRemoveFromEventList
 .text.vTaskInternalSetTimeOutState
                0x0000000008003698       0x18 Middlewares/Third_Party/FreeRTOS/Source/tasks.o
                0x0000000008003698                vTaskInternalSetTimeOutState
 .text.xTaskCheckForTimeOut
                0x00000000080036b0       0x78 Middlewares/Third_Party/FreeRTOS/Source/tasks.o
                0x00000000080036b0                xTaskCheckForTimeOut
 .text.vTaskMissedYield
                0x0000000008003728        0xc Middlewares/Third_Party/FreeRTOS/Source/tasks.o
                0x0000000008003728                vTaskMissedYield
 .text.xTaskGetSchedulerState
                0x0000000008003734       0x20 Middlewares/Third_Party/FreeRTOS/Source/tasks.o
                0x0000000008003734                xTaskGetSchedulerState
 .text.xTaskPriorityDisinherit
                0x0000000008003754       0xa0 Middlewares/Third_Party/FreeRTOS/Source/tasks.o
                0x0000000008003754                xTaskPriorityDisinherit
 .text.vApplicationGetIdleTaskMemory
                0x00000000080037f4       0x18 Src/freertos.o
                0x00000000080037f4                vApplicationGetIdleTaskMemory
 .text.Error_Handler
                0x000000000800380c        0x2 Src/main.o
                0x000000000800380c                Error_Handler
 *fill*         0x000000000800380e        0x2 
 .text.led_on_off
                0x0000000008003810       0x30 Src/main.o
                0x0000000008003810                led_on_off
 .text.motor_control
                0x0000000008003840       0x6c Src/main.o
                0x0000000008003840                motor_control
 .text.rec_bytes
                0x00000000080038ac      0x104 Src/main.o
                0x00000000080038ac                rec_bytes
 .text.StartDefaultTask
                0x00000000080039b0        0xa Src/main.o
                0x00000000080039b0                StartDefaultTask
 .text.MyFlagInterruptHandler
                0x00000000080039ba       0x16 Src/main.o
 .text.SystemClock_Config
                0x00000000080039d0       0x9c Src/main.o
                0x00000000080039d0                SystemClock_Config
 .text.startup.main
                0x0000000008003a6c      0x248 Src/main.o
                0x0000000008003a6c                main
 .text.HAL_TIM_PeriodElapsedCallback
                0x0000000008003cb4       0x14 Src/main.o
                0x0000000008003cb4                HAL_TIM_PeriodElapsedCallback
 .text.ButtonHandler
                0x0000000008003cc8       0x20 Src/main.o
                0x0000000008003cc8                ButtonHandler
 .text.HAL_MspInit
                0x0000000008003ce8       0x44 Src/stm32f4xx_hal_msp.o
                0x0000000008003ce8                HAL_MspInit
 .text.HAL_UART_MspInit
                0x0000000008003d2c       0x68 Src/stm32f4xx_hal_msp.o
                0x0000000008003d2c                HAL_UART_MspInit
 .text.HAL_TIM_PWM_MspInit
                0x0000000008003d94       0xe0 Src/stm32f4xx_hal_msp.o
                0x0000000008003d94                HAL_TIM_PWM_MspInit
 .text.HAL_TIM_PWM_MspDeInit
                0x0000000008003e74       0x54 Src/stm32f4xx_hal_msp.o
                0x0000000008003e74                HAL_TIM_PWM_MspDeInit
 .text.HAL_GPIO_EXTI_Callback
                0x0000000008003ec8       0x22 Src/stm32f4xx_hal_msp.o
                0x0000000008003ec8                HAL_GPIO_EXTI_Callback
 *fill*         0x0000000008003eea        0x2 
 .text.HAL_InitTick
                0x0000000008003eec       0x7c Src/stm32f4xx_hal_timebase_tim.o
                0x0000000008003eec                HAL_InitTick
 .text.NMI_Handler
                0x0000000008003f68        0x2 Src/stm32f4xx_it.o
                0x0000000008003f68                NMI_Handler
 .text.HardFault_Handler
                0x0000000008003f6a        0x2 Src/stm32f4xx_it.o
                0x0000000008003f6a                HardFault_Handler
 .text.MemManage_Handler
                0x0000000008003f6c        0x2 Src/stm32f4xx_it.o
                0x0000000008003f6c                MemManage_Handler
 .text.BusFault_Handler
                0x0000000008003f6e        0x2 Src/stm32f4xx_it.o
                0x0000000008003f6e                BusFault_Handler
 .text.UsageFault_Handler
                0x0000000008003f70        0x2 Src/stm32f4xx_it.o
                0x0000000008003f70                UsageFault_Handler
 .text.DebugMon_Handler
                0x0000000008003f72        0x2 Src/stm32f4xx_it.o
                0x0000000008003f72                DebugMon_Handler
 .text.EXTI1_IRQHandler
                0x0000000008003f74        0x6 Src/stm32f4xx_it.o
                0x0000000008003f74                EXTI1_IRQHandler
 *fill*         0x0000000008003f7a        0x2 
 .text.TIM4_IRQHandler
                0x0000000008003f7c        0xc Src/stm32f4xx_it.o
                0x0000000008003f7c                TIM4_IRQHandler
 .text.EXTI15_10_IRQHandler
                0x0000000008003f88       0x26 Src/stm32f4xx_it.o
                0x0000000008003f88                EXTI15_10_IRQHandler
 *fill*         0x0000000008003fae        0x2 
 .text.SystemInit
                0x0000000008003fb0       0x4c Src/system_stm32f4xx.o
                0x0000000008003fb0                SystemInit
 .text.Reset_Handler
                0x0000000008003ffc       0x50 startup/startup_stm32f401xe.o
                0x0000000008003ffc                Reset_Handler
 .text.Default_Handler
                0x000000000800404c        0x2 startup/startup_stm32f401xe.o
                0x000000000800404c                RTC_Alarm_IRQHandler
                0x000000000800404c                EXTI2_IRQHandler
                0x000000000800404c                SPI4_IRQHandler
                0x000000000800404c                TIM1_CC_IRQHandler
                0x000000000800404c                DMA2_Stream5_IRQHandler
                0x000000000800404c                DMA1_Stream5_IRQHandler
                0x000000000800404c                PVD_IRQHandler
                0x000000000800404c                SDIO_IRQHandler
                0x000000000800404c                TAMP_STAMP_IRQHandler
                0x000000000800404c                EXTI3_IRQHandler
                0x000000000800404c                TIM1_UP_TIM10_IRQHandler
                0x000000000800404c                I2C3_ER_IRQHandler
                0x000000000800404c                EXTI0_IRQHandler
                0x000000000800404c                I2C2_EV_IRQHandler
                0x000000000800404c                DMA1_Stream2_IRQHandler
                0x000000000800404c                FPU_IRQHandler
                0x000000000800404c                DMA2_Stream2_IRQHandler
                0x000000000800404c                SPI1_IRQHandler
                0x000000000800404c                TIM1_BRK_TIM9_IRQHandler
                0x000000000800404c                DMA2_Stream3_IRQHandler
                0x000000000800404c                USART6_IRQHandler
                0x000000000800404c                DMA2_Stream0_IRQHandler
                0x000000000800404c                I2C1_EV_IRQHandler
                0x000000000800404c                DMA1_Stream6_IRQHandler
                0x000000000800404c                DMA1_Stream1_IRQHandler
                0x000000000800404c                TIM3_IRQHandler
                0x000000000800404c                RCC_IRQHandler
                0x000000000800404c                Default_Handler
                0x000000000800404c                ADC_IRQHandler
                0x000000000800404c                DMA1_Stream7_IRQHandler
                0x000000000800404c                TIM5_IRQHandler
                0x000000000800404c                DMA2_Stream7_IRQHandler
                0x000000000800404c                I2C3_EV_IRQHandler
                0x000000000800404c                EXTI9_5_IRQHandler
                0x000000000800404c                RTC_WKUP_IRQHandler
                0x000000000800404c                SPI2_IRQHandler
                0x000000000800404c                DMA1_Stream0_IRQHandler
                0x000000000800404c                EXTI4_IRQHandler
                0x000000000800404c                WWDG_IRQHandler
                0x000000000800404c                TIM2_IRQHandler
                0x000000000800404c                OTG_FS_WKUP_IRQHandler
                0x000000000800404c                TIM1_TRG_COM_TIM11_IRQHandler
                0x000000000800404c                USART2_IRQHandler
                0x000000000800404c                I2C2_ER_IRQHandler
                0x000000000800404c                DMA2_Stream1_IRQHandler
                0x000000000800404c                FLASH_IRQHandler
                0x000000000800404c                DMA2_Stream4_IRQHandler
                0x000000000800404c                USART1_IRQHandler
                0x000000000800404c                OTG_FS_IRQHandler
                0x000000000800404c                SPI3_IRQHandler
                0x000000000800404c                DMA1_Stream4_IRQHandler
                0x000000000800404c                I2C1_ER_IRQHandler
                0x000000000800404c                DMA2_Stream6_IRQHandler
                0x000000000800404c                DMA1_Stream3_IRQHandler
 *fill*         0x000000000800404e        0x2 
 .text.__libc_init_array
                0x0000000008004050       0x48 /opt/Atollic_TrueSTUDIO_for_STM32_x86_64_9.3.0/ARMTools/bin/../lib/gcc/arm-atollic-eabi/6.3.1/../../../../arm-atollic-eabi/lib/armv7e-m/fpu/libc_nano.a(lib_a-init.o)
                0x0000000008004050                __libc_init_array
 .text.memcpy   0x0000000008004098       0x16 /opt/Atollic_TrueSTUDIO_for_STM32_x86_64_9.3.0/ARMTools/bin/../lib/gcc/arm-atollic-eabi/6.3.1/../../../../arm-atollic-eabi/lib/armv7e-m/fpu/libc_nano.a(lib_a-memcpy-stub.o)
                0x0000000008004098                memcpy
 .text.memset   0x00000000080040ae       0x10 /opt/Atollic_TrueSTUDIO_for_STM32_x86_64_9.3.0/ARMTools/bin/../lib/gcc/arm-atollic-eabi/6.3.1/../../../../arm-atollic-eabi/lib/armv7e-m/fpu/libc_nano.a(lib_a-memset.o)
                0x00000000080040ae                memset
 .text._strtol_l.isra.0
                0x00000000080040be      0x100 /opt/Atollic_TrueSTUDIO_for_STM32_x86_64_9.3.0/ARMTools/bin/../lib/gcc/arm-atollic-eabi/6.3.1/../../../../arm-atollic-eabi/lib/armv7e-m/fpu/libc_nano.a(lib_a-strtol.o)
 *fill*         0x00000000080041be        0x2 
 .text.strtol   0x00000000080041c0       0x2c /opt/Atollic_TrueSTUDIO_for_STM32_x86_64_9.3.0/ARMTools/bin/../lib/gcc/arm-atollic-eabi/6.3.1/../../../../arm-atollic-eabi/lib/armv7e-m/fpu/libc_nano.a(lib_a-strtol.o)
                0x00000000080041c0                strtol
 .text.__locale_ctype_ptr_l
                0x00000000080041ec        0x6 /opt/Atollic_TrueSTUDIO_for_STM32_x86_64_9.3.0/ARMTools/bin/../lib/gcc/arm-atollic-eabi/6.3.1/../../../../arm-atollic-eabi/lib/armv7e-m/fpu/libc_nano.a(lib_a-locale.o)
                0x00000000080041ec                __locale_ctype_ptr_l
 .text.__ascii_mbtowc
                0x00000000080041f2       0x24 /opt/Atollic_TrueSTUDIO_for_STM32_x86_64_9.3.0/ARMTools/bin/../lib/gcc/arm-atollic-eabi/6.3.1/../../../../arm-atollic-eabi/lib/armv7e-m/fpu/libc_nano.a(lib_a-mbtowc_r.o)
                0x00000000080041f2                __ascii_mbtowc
 .text.__ascii_wctomb
                0x0000000008004216       0x1a /opt/Atollic_TrueSTUDIO_for_STM32_x86_64_9.3.0/ARMTools/bin/../lib/gcc/arm-atollic-eabi/6.3.1/../../../../arm-atollic-eabi/lib/armv7e-m/fpu/libc_nano.a(lib_a-wctomb_r.o)
                0x0000000008004216                __ascii_wctomb
 *(.glue_7)
 .glue_7        0x0000000008004230        0x0 linker stubs
 *(.glue_7t)
 .glue_7t       0x0000000008004230        0x0 linker stubs
 *(.eh_frame)
 .eh_frame      0x0000000008004230        0x0 /opt/Atollic_TrueSTUDIO_for_STM32_x86_64_9.3.0/ARMTools/bin/../lib/gcc/arm-atollic-eabi/6.3.1/armv7e-m/fpu/crtbegin.o
 *(.init)
 .init          0x0000000008004230        0x4 /opt/Atollic_TrueSTUDIO_for_STM32_x86_64_9.3.0/ARMTools/bin/../lib/gcc/arm-atollic-eabi/6.3.1/armv7e-m/fpu/crti.o
                0x0000000008004230                _init
 .init          0x0000000008004234        0x8 /opt/Atollic_TrueSTUDIO_for_STM32_x86_64_9.3.0/ARMTools/bin/../lib/gcc/arm-atollic-eabi/6.3.1/armv7e-m/fpu/crtn.o
 *(.fini)
 .fini          0x000000000800423c        0x4 /opt/Atollic_TrueSTUDIO_for_STM32_x86_64_9.3.0/ARMTools/bin/../lib/gcc/arm-atollic-eabi/6.3.1/armv7e-m/fpu/crti.o
                0x000000000800423c                _fini
 .fini          0x0000000008004240        0x8 /opt/Atollic_TrueSTUDIO_for_STM32_x86_64_9.3.0/ARMTools/bin/../lib/gcc/arm-atollic-eabi/6.3.1/armv7e-m/fpu/crtn.o
                0x0000000008004248                . = ALIGN (0x4)
                0x0000000008004248                _etext = .

.vfp11_veneer   0x0000000008004248        0x0
 .vfp11_veneer  0x0000000008004248        0x0 linker stubs

.v4_bx          0x0000000008004248        0x0
 .v4_bx         0x0000000008004248        0x0 linker stubs

.iplt           0x0000000008004248        0x0
 .iplt          0x0000000008004248        0x0 /opt/Atollic_TrueSTUDIO_for_STM32_x86_64_9.3.0/ARMTools/bin/../lib/gcc/arm-atollic-eabi/6.3.1/armv7e-m/fpu/crtbegin.o

.rodata         0x0000000008004248      0x1a8
                0x0000000008004248                . = ALIGN (0x4)
 *(.rodata)
 .rodata        0x0000000008004248       0x1c Src/main.o
 *(.rodata*)
 .rodata.l6206ArrayNbMaxMotorsByConfig
                0x0000000008004264        0xd Drivers/BSP/Components/l6206/l6206.o
 .rodata.vTaskStartScheduler.str1.1
                0x0000000008004271        0x5 Middlewares/Third_Party/FreeRTOS/Source/tasks.o
 .rodata.main.str1.1
                0x0000000008004276       0x29 Src/main.o
 .rodata.rec_bytes.str1.1
                0x000000000800429f       0x21 Src/main.o
                                         0x28 (size before relaxing)
 .rodata.str1.1
                0x00000000080042c0        0xc Src/main.o
 .rodata.AHBPrescTable
                0x00000000080042cc       0x10 Src/system_stm32f4xx.o
                0x00000000080042cc                AHBPrescTable
 .rodata.APBPrescTable
                0x00000000080042dc        0x8 Src/system_stm32f4xx.o
                0x00000000080042dc                APBPrescTable
 .rodata._setlocale_r.str1.1
                0x00000000080042e4        0x8 /opt/Atollic_TrueSTUDIO_for_STM32_x86_64_9.3.0/ARMTools/bin/../lib/gcc/arm-atollic-eabi/6.3.1/../../../../arm-atollic-eabi/lib/armv7e-m/fpu/libc_nano.a(lib_a-locale.o)
                                          0x9 (size before relaxing)
 .rodata.str1.1
                0x00000000080042ec        0x2 /opt/Atollic_TrueSTUDIO_for_STM32_x86_64_9.3.0/ARMTools/bin/../lib/gcc/arm-atollic-eabi/6.3.1/../../../../arm-atollic-eabi/lib/armv7e-m/fpu/libc_nano.a(lib_a-locale.o)
 .rodata._ctype_
                0x00000000080042ee      0x101 /opt/Atollic_TrueSTUDIO_for_STM32_x86_64_9.3.0/ARMTools/bin/../lib/gcc/arm-atollic-eabi/6.3.1/../../../../arm-atollic-eabi/lib/armv7e-m/fpu/libc_nano.a(lib_a-ctype_.o)
                0x00000000080042ee                _ctype_
                0x00000000080043f0                . = ALIGN (0x4)
 *fill*         0x00000000080043ef        0x1 

.ARM.extab
 *(.ARM.extab* .gnu.linkonce.armextab.*)

.ARM            0x00000000080043f0        0x8
                0x00000000080043f0                __exidx_start = .
 *(.ARM.exidx*)
 .ARM.exidx     0x00000000080043f0        0x8 /opt/Atollic_TrueSTUDIO_for_STM32_x86_64_9.3.0/ARMTools/bin/../lib/gcc/arm-atollic-eabi/6.3.1/armv7e-m/fpu/libgcc.a(_udivmoddi4.o)
                0x00000000080043f8                __exidx_end = .

.rel.dyn        0x00000000080043f8        0x0
 .rel.iplt      0x00000000080043f8        0x0 /opt/Atollic_TrueSTUDIO_for_STM32_x86_64_9.3.0/ARMTools/bin/../lib/gcc/arm-atollic-eabi/6.3.1/armv7e-m/fpu/crtbegin.o

.preinit_array  0x00000000080043f8        0x0
                0x00000000080043f8                PROVIDE (__preinit_array_start, .)
 *(.preinit_array*)
                0x00000000080043f8                PROVIDE (__preinit_array_end, .)

.init_array     0x00000000080043f8        0x4
                0x00000000080043f8                PROVIDE (__init_array_start, .)
 *(SORT(.init_array.*))
 *(.init_array*)
 .init_array    0x00000000080043f8        0x4 /opt/Atollic_TrueSTUDIO_for_STM32_x86_64_9.3.0/ARMTools/bin/../lib/gcc/arm-atollic-eabi/6.3.1/armv7e-m/fpu/crtbegin.o
                0x00000000080043fc                PROVIDE (__init_array_end, .)

.fini_array     0x00000000080043fc        0x4
                [!provide]                        PROVIDE (__fini_array_start, .)
 *(SORT(.fini_array.*))
 *(.fini_array*)
 .fini_array    0x00000000080043fc        0x4 /opt/Atollic_TrueSTUDIO_for_STM32_x86_64_9.3.0/ARMTools/bin/../lib/gcc/arm-atollic-eabi/6.3.1/armv7e-m/fpu/crtbegin.o
                [!provide]                        PROVIDE (__fini_array_end, .)
                0x0000000008004400                _sidata = LOADADDR (.data)

.data           0x0000000020000000      0x36c load address 0x0000000008004400
                0x0000000020000000                . = ALIGN (0x4)
                0x0000000020000000                _sdata = .
 *(.data)
 *(.data*)
 .data.l6206Drv
                0x0000000020000000      0x164 Drivers/BSP/Components/l6206/l6206.o
                0x0000000020000000                l6206Drv
 .data.BUTTON_PORT
                0x0000000020000164        0x4 Drivers/BSP/STM32F4xx-Nucleo/stm32f4xx_nucleo.o
                0x0000000020000164                BUTTON_PORT
 .data.uwTickFreq
                0x0000000020000168        0x1 Drivers/STM32F4xx_HAL_Driver/Src/stm32f4xx_hal.o
                0x0000000020000168                uwTickFreq
 *fill*         0x0000000020000169        0x3 
 .data.uxCriticalNesting
                0x000000002000016c        0x4 Middlewares/Third_Party/FreeRTOS/Source/portable/GCC/ARM_CM4F/port.o
 .data.initDeviceParameters
                0x0000000020000170       0x28 Src/main.o
                0x0000000020000170                initDeviceParameters
 .data.SystemCoreClock
                0x0000000020000198        0x4 Src/system_stm32f4xx.o
                0x0000000020000198                SystemCoreClock
 .data._impure_ptr
                0x000000002000019c        0x4 /opt/Atollic_TrueSTUDIO_for_STM32_x86_64_9.3.0/ARMTools/bin/../lib/gcc/arm-atollic-eabi/6.3.1/../../../../arm-atollic-eabi/lib/armv7e-m/fpu/libc_nano.a(lib_a-impure.o)
                0x000000002000019c                _impure_ptr
 .data.impure_data
                0x00000000200001a0       0x60 /opt/Atollic_TrueSTUDIO_for_STM32_x86_64_9.3.0/ARMTools/bin/../lib/gcc/arm-atollic-eabi/6.3.1/../../../../arm-atollic-eabi/lib/armv7e-m/fpu/libc_nano.a(lib_a-impure.o)
 .data.__global_locale
                0x0000000020000200      0x16c /opt/Atollic_TrueSTUDIO_for_STM32_x86_64_9.3.0/ARMTools/bin/../lib/gcc/arm-atollic-eabi/6.3.1/../../../../arm-atollic-eabi/lib/armv7e-m/fpu/libc_nano.a(lib_a-locale.o)
                0x0000000020000200                __global_locale
                0x000000002000036c                . = ALIGN (0x4)
                0x000000002000036c                _edata = .

.igot.plt       0x000000002000036c        0x0 load address 0x000000000800476c
 .igot.plt      0x000000002000036c        0x0 /opt/Atollic_TrueSTUDIO_for_STM32_x86_64_9.3.0/ARMTools/bin/../lib/gcc/arm-atollic-eabi/6.3.1/armv7e-m/fpu/crtbegin.o
                0x000000002000036c                . = ALIGN (0x4)

.bss            0x000000002000036c     0x4180 load address 0x000000000800476c
                0x000000002000036c                _sbss = .
                0x000000002000036c                __bss_start__ = _sbss
 *(.bss)
 .bss           0x000000002000036c       0x1c /opt/Atollic_TrueSTUDIO_for_STM32_x86_64_9.3.0/ARMTools/bin/../lib/gcc/arm-atollic-eabi/6.3.1/armv7e-m/fpu/crtbegin.o
 *(.bss*)
 .bss.l6206DriverInstance
                0x0000000020000388        0x2 Drivers/BSP/Components/l6206/l6206.o
 .bss.MotorControlBoardId
                0x000000002000038a        0x2 Drivers/BSP/X-NUCLEO-IHMxx/x_nucleo_ihmxx.o
 .bss.motorDrvHandle
                0x000000002000038c        0x4 Drivers/BSP/X-NUCLEO-IHMxx/x_nucleo_ihmxx.o
 .bss.ucMaxSysCallPriority
                0x0000000020000390        0x1 Middlewares/Third_Party/FreeRTOS/Source/portable/GCC/ARM_CM4F/port.o
 *fill*         0x0000000020000391        0x3 
 .bss.ulMaxPRIGROUPValue
                0x0000000020000394        0x4 Middlewares/Third_Party/FreeRTOS/Source/portable/GCC/ARM_CM4F/port.o
 .bss.pxEnd     0x0000000020000398        0x4 Middlewares/Third_Party/FreeRTOS/Source/portable/MemMang/heap_4.o
 .bss.ucHeap    0x000000002000039c     0x3c00 Middlewares/Third_Party/FreeRTOS/Source/portable/MemMang/heap_4.o
 .bss.xBlockAllocatedBit
                0x0000000020003f9c        0x4 Middlewares/Third_Party/FreeRTOS/Source/portable/MemMang/heap_4.o
 .bss.xFreeBytesRemaining
                0x0000000020003fa0        0x4 Middlewares/Third_Party/FreeRTOS/Source/portable/MemMang/heap_4.o
 .bss.xMinimumEverFreeBytesRemaining
                0x0000000020003fa4        0x4 Middlewares/Third_Party/FreeRTOS/Source/portable/MemMang/heap_4.o
 .bss.xStart    0x0000000020003fa8        0x8 Middlewares/Third_Party/FreeRTOS/Source/portable/MemMang/heap_4.o
 .bss.pxCurrentTCB
                0x0000000020003fb0        0x4 Middlewares/Third_Party/FreeRTOS/Source/tasks.o
                0x0000000020003fb0                pxCurrentTCB
 .bss.pxDelayedTaskList
                0x0000000020003fb4        0x4 Middlewares/Third_Party/FreeRTOS/Source/tasks.o
 .bss.pxOverflowDelayedTaskList
                0x0000000020003fb8        0x4 Middlewares/Third_Party/FreeRTOS/Source/tasks.o
 .bss.pxReadyTasksLists
                0x0000000020003fbc       0x8c Middlewares/Third_Party/FreeRTOS/Source/tasks.o
 .bss.uxCurrentNumberOfTasks
                0x0000000020004048        0x4 Middlewares/Third_Party/FreeRTOS/Source/tasks.o
 .bss.uxDeletedTasksWaitingCleanUp
                0x000000002000404c        0x4 Middlewares/Third_Party/FreeRTOS/Source/tasks.o
 .bss.uxPendedTicks
                0x0000000020004050        0x4 Middlewares/Third_Party/FreeRTOS/Source/tasks.o
 .bss.uxSchedulerSuspended
                0x0000000020004054        0x4 Middlewares/Third_Party/FreeRTOS/Source/tasks.o
 .bss.uxTaskNumber
                0x0000000020004058        0x4 Middlewares/Third_Party/FreeRTOS/Source/tasks.o
 .bss.uxTopReadyPriority
                0x000000002000405c        0x4 Middlewares/Third_Party/FreeRTOS/Source/tasks.o
 .bss.xDelayedTaskList1
                0x0000000020004060       0x14 Middlewares/Third_Party/FreeRTOS/Source/tasks.o
 .bss.xDelayedTaskList2
                0x0000000020004074       0x14 Middlewares/Third_Party/FreeRTOS/Source/tasks.o
 .bss.xNextTaskUnblockTime
                0x0000000020004088        0x4 Middlewares/Third_Party/FreeRTOS/Source/tasks.o
 .bss.xNumOfOverflows
                0x000000002000408c        0x4 Middlewares/Third_Party/FreeRTOS/Source/tasks.o
 .bss.xPendingReadyList
                0x0000000020004090       0x14 Middlewares/Third_Party/FreeRTOS/Source/tasks.o
 .bss.xSchedulerRunning
                0x00000000200040a4        0x4 Middlewares/Third_Party/FreeRTOS/Source/tasks.o
 .bss.xSuspendedTaskList
                0x00000000200040a8       0x14 Middlewares/Third_Party/FreeRTOS/Source/tasks.o
 .bss.xTasksWaitingTermination
                0x00000000200040bc       0x14 Middlewares/Third_Party/FreeRTOS/Source/tasks.o
 .bss.xTickCount
                0x00000000200040d0        0x4 Middlewares/Third_Party/FreeRTOS/Source/tasks.o
 .bss.xYieldPending
                0x00000000200040d4        0x4 Middlewares/Third_Party/FreeRTOS/Source/tasks.o
 .bss.xIdleStack
                0x00000000200040d8      0x200 Src/freertos.o
 .bss.xIdleTaskTCBBuffer
                0x00000000200042d8       0x54 Src/freertos.o
 .bss.moveQueue
                0x000000002000432c        0x4 Src/main.o
                0x000000002000432c                moveQueue
 .bss.vMaxQueue
                0x0000000020004330        0x4 Src/main.o
                0x0000000020004330                vMaxQueue
 *(COMMON)
 COMMON         0x0000000020004334       0x30 Drivers/BSP/Components/l6206/l6206.o
                0x0000000020004334                devicePrm
                0x000000002000435c                errorHandlerCallback
                0x0000000020004360                flagInterruptCallback
 COMMON         0x0000000020004364      0x100 Drivers/BSP/X-NUCLEO-IHMxx/x_nucleo_ihm04a1_stm32f4xx.o
                0x0000000020004364                hTimPwm2A
                0x00000000200043a4                hTimPwm1B
                0x00000000200043e4                hTimPwm2B
                0x0000000020004424                hTimPwm1A
 COMMON         0x0000000020004464        0x4 Drivers/STM32F4xx_HAL_Driver/Src/stm32f4xx_hal.o
                0x0000000020004464                uwTick
 COMMON         0x0000000020004468       0x44 Src/main.o
                0x0000000020004468                defaultTaskHandle
                0x000000002000446c                huart2
 COMMON         0x00000000200044ac       0x40 Src/stm32f4xx_hal_timebase_tim.o
                0x00000000200044ac                htim4
                0x00000000200044ec                . = ALIGN (0x4)
                0x00000000200044ec                _ebss = .
                0x00000000200044ec                __bss_end__ = _ebss

._user_heap_stack
                0x00000000200044ec      0x600 load address 0x000000000800476c
                0x00000000200044ec                . = ALIGN (0x4)
                0x00000000200044ec                PROVIDE (end, .)
                [!provide]                        PROVIDE (_end, .)
                0x00000000200046ec                . = (. + _Min_Heap_Size)
 *fill*         0x00000000200044ec      0x200 
                0x0000000020004aec                . = (. + _Min_Stack_Size)
 *fill*         0x00000000200046ec      0x400 
                0x0000000020004aec                . = ALIGN (0x4)

/DISCARD/
 libc.a(*)
 libm.a(*)
 libgcc.a(*)

.ARM.attributes
                0x0000000000000000       0x30
 *(.ARM.attributes)
 .ARM.attributes
                0x0000000000000000       0x22 /opt/Atollic_TrueSTUDIO_for_STM32_x86_64_9.3.0/ARMTools/bin/../lib/gcc/arm-atollic-eabi/6.3.1/armv7e-m/fpu/crti.o
 .ARM.attributes
                0x0000000000000022       0x34 /opt/Atollic_TrueSTUDIO_for_STM32_x86_64_9.3.0/ARMTools/bin/../lib/gcc/arm-atollic-eabi/6.3.1/armv7e-m/fpu/crtbegin.o
 .ARM.attributes
                0x0000000000000056       0x39 Drivers/BSP/Components/l6206/l6206.o
 .ARM.attributes
                0x000000000000008f       0x39 Drivers/BSP/STM32F4xx-Nucleo/stm32f4xx_nucleo.o
 .ARM.attributes
                0x00000000000000c8       0x39 Drivers/BSP/X-NUCLEO-IHMxx/x_nucleo_ihm04a1_stm32f4xx.o
 .ARM.attributes
                0x0000000000000101       0x39 Drivers/BSP/X-NUCLEO-IHMxx/x_nucleo_ihmxx.o
 .ARM.attributes
                0x000000000000013a       0x39 Drivers/STM32F4xx_HAL_Driver/Src/stm32f4xx_hal.o
 .ARM.attributes
                0x0000000000000173       0x39 Drivers/STM32F4xx_HAL_Driver/Src/stm32f4xx_hal_cortex.o
 .ARM.attributes
                0x00000000000001ac       0x39 Drivers/STM32F4xx_HAL_Driver/Src/stm32f4xx_hal_gpio.o
 .ARM.attributes
                0x00000000000001e5       0x39 Drivers/STM32F4xx_HAL_Driver/Src/stm32f4xx_hal_rcc.o
 .ARM.attributes
                0x000000000000021e       0x39 Drivers/STM32F4xx_HAL_Driver/Src/stm32f4xx_hal_tim.o
 .ARM.attributes
                0x0000000000000257       0x39 Drivers/STM32F4xx_HAL_Driver/Src/stm32f4xx_hal_tim_ex.o
 .ARM.attributes
                0x0000000000000290       0x39 Drivers/STM32F4xx_HAL_Driver/Src/stm32f4xx_hal_uart.o
 .ARM.attributes
                0x00000000000002c9       0x39 Middlewares/Third_Party/FreeRTOS/Source/CMSIS_RTOS/cmsis_os.o
 .ARM.attributes
                0x0000000000000302       0x39 Middlewares/Third_Party/FreeRTOS/Source/list.o
 .ARM.attributes
                0x000000000000033b       0x39 Middlewares/Third_Party/FreeRTOS/Source/portable/GCC/ARM_CM4F/port.o
 .ARM.attributes
                0x0000000000000374       0x39 Middlewares/Third_Party/FreeRTOS/Source/portable/MemMang/heap_4.o
 .ARM.attributes
                0x00000000000003ad       0x39 Middlewares/Third_Party/FreeRTOS/Source/queue.o
 .ARM.attributes
                0x00000000000003e6       0x39 Middlewares/Third_Party/FreeRTOS/Source/tasks.o
 .ARM.attributes
                0x000000000000041f       0x39 Src/freertos.o
 .ARM.attributes
                0x0000000000000458       0x39 Src/main.o
 .ARM.attributes
                0x0000000000000491       0x39 Src/stm32f4xx_hal_msp.o
 .ARM.attributes
                0x00000000000004ca       0x39 Src/stm32f4xx_hal_timebase_tim.o
 .ARM.attributes
                0x0000000000000503       0x39 Src/stm32f4xx_it.o
 .ARM.attributes
                0x000000000000053c       0x39 Src/system_stm32f4xx.o
 .ARM.attributes
                0x0000000000000575       0x21 startup/startup_stm32f401xe.o
 .ARM.attributes
                0x0000000000000596       0x34 /opt/Atollic_TrueSTUDIO_for_STM32_x86_64_9.3.0/ARMTools/bin/../lib/gcc/arm-atollic-eabi/6.3.1/../../../../arm-atollic-eabi/lib/armv7e-m/fpu/libc_nano.a(lib_a-impure.o)
 .ARM.attributes
                0x00000000000005ca       0x34 /opt/Atollic_TrueSTUDIO_for_STM32_x86_64_9.3.0/ARMTools/bin/../lib/gcc/arm-atollic-eabi/6.3.1/../../../../arm-atollic-eabi/lib/armv7e-m/fpu/libc_nano.a(lib_a-init.o)
 .ARM.attributes
                0x00000000000005fe       0x34 /opt/Atollic_TrueSTUDIO_for_STM32_x86_64_9.3.0/ARMTools/bin/../lib/gcc/arm-atollic-eabi/6.3.1/../../../../arm-atollic-eabi/lib/armv7e-m/fpu/libc_nano.a(lib_a-memcpy-stub.o)
 .ARM.attributes
                0x0000000000000632       0x34 /opt/Atollic_TrueSTUDIO_for_STM32_x86_64_9.3.0/ARMTools/bin/../lib/gcc/arm-atollic-eabi/6.3.1/../../../../arm-atollic-eabi/lib/armv7e-m/fpu/libc_nano.a(lib_a-memset.o)
 .ARM.attributes
                0x0000000000000666       0x34 /opt/Atollic_TrueSTUDIO_for_STM32_x86_64_9.3.0/ARMTools/bin/../lib/gcc/arm-atollic-eabi/6.3.1/../../../../arm-atollic-eabi/lib/armv7e-m/fpu/libc_nano.a(lib_a-strtol.o)
 .ARM.attributes
                0x000000000000069a       0x34 /opt/Atollic_TrueSTUDIO_for_STM32_x86_64_9.3.0/ARMTools/bin/../lib/gcc/arm-atollic-eabi/6.3.1/../../../../arm-atollic-eabi/lib/armv7e-m/fpu/libc_nano.a(lib_a-locale.o)
 .ARM.attributes
                0x00000000000006ce       0x34 /opt/Atollic_TrueSTUDIO_for_STM32_x86_64_9.3.0/ARMTools/bin/../lib/gcc/arm-atollic-eabi/6.3.1/../../../../arm-atollic-eabi/lib/armv7e-m/fpu/libc_nano.a(lib_a-mbtowc_r.o)
 .ARM.attributes
                0x0000000000000702       0x34 /opt/Atollic_TrueSTUDIO_for_STM32_x86_64_9.3.0/ARMTools/bin/../lib/gcc/arm-atollic-eabi/6.3.1/../../../../arm-atollic-eabi/lib/armv7e-m/fpu/libc_nano.a(lib_a-wctomb_r.o)
 .ARM.attributes
                0x0000000000000736       0x34 /opt/Atollic_TrueSTUDIO_for_STM32_x86_64_9.3.0/ARMTools/bin/../lib/gcc/arm-atollic-eabi/6.3.1/../../../../arm-atollic-eabi/lib/armv7e-m/fpu/libc_nano.a(lib_a-ctype_.o)
 .ARM.attributes
                0x000000000000076a       0x22 /opt/Atollic_TrueSTUDIO_for_STM32_x86_64_9.3.0/ARMTools/bin/../lib/gcc/arm-atollic-eabi/6.3.1/armv7e-m/fpu/libgcc.a(_aeabi_uldivmod.o)
 .ARM.attributes
                0x000000000000078c       0x34 /opt/Atollic_TrueSTUDIO_for_STM32_x86_64_9.3.0/ARMTools/bin/../lib/gcc/arm-atollic-eabi/6.3.1/armv7e-m/fpu/libgcc.a(_udivmoddi4.o)
 .ARM.attributes
                0x00000000000007c0       0x22 /opt/Atollic_TrueSTUDIO_for_STM32_x86_64_9.3.0/ARMTools/bin/../lib/gcc/arm-atollic-eabi/6.3.1/armv7e-m/fpu/libgcc.a(_dvmd_tls.o)
 .ARM.attributes
                0x00000000000007e2       0x22 /opt/Atollic_TrueSTUDIO_for_STM32_x86_64_9.3.0/ARMTools/bin/../lib/gcc/arm-atollic-eabi/6.3.1/armv7e-m/fpu/crtn.o
OUTPUT(stm32_bsp_freertos_motor_control_polling.elf elf32-littlearm)

.debug_info     0x0000000000000000    0x21453
 .debug_info    0x0000000000000000     0x2055 Drivers/BSP/Components/l6206/l6206.o
 .debug_info    0x0000000000002055      0x9f4 Drivers/BSP/STM32F4xx-Nucleo/stm32f4xx_nucleo.o
 .debug_info    0x0000000000002a49     0x116d Drivers/BSP/X-NUCLEO-IHMxx/x_nucleo_ihm04a1_stm32f4xx.o
 .debug_info    0x0000000000003bb6     0x2415 Drivers/BSP/X-NUCLEO-IHMxx/x_nucleo_ihmxx.o
 .debug_info    0x0000000000005fcb      0x97d Drivers/STM32F4xx_HAL_Driver/Src/stm32f4xx_hal.o
 .debug_info    0x0000000000006948      0xea3 Drivers/STM32F4xx_HAL_Driver/Src/stm32f4xx_hal_cortex.o
 .debug_info    0x00000000000077eb      0x79c Drivers/STM32F4xx_HAL_Driver/Src/stm32f4xx_hal_gpio.o
 .debug_info    0x0000000000007f87      0xa81 Drivers/STM32F4xx_HAL_Driver/Src/stm32f4xx_hal_rcc.o
 .debug_info    0x0000000000008a08     0x34c7 Drivers/STM32F4xx_HAL_Driver/Src/stm32f4xx_hal_tim.o
 .debug_info    0x000000000000becf     0x12f6 Drivers/STM32F4xx_HAL_Driver/Src/stm32f4xx_hal_tim_ex.o
 .debug_info    0x000000000000d1c5     0x16c1 Drivers/STM32F4xx_HAL_Driver/Src/stm32f4xx_hal_uart.o
 .debug_info    0x000000000000e886     0x293d Middlewares/Third_Party/FreeRTOS/Source/CMSIS_RTOS/cmsis_os.o
 .debug_info    0x00000000000111c3      0xac5 Middlewares/Third_Party/FreeRTOS/Source/list.o
 .debug_info    0x0000000000011c88      0x572 Middlewares/Third_Party/FreeRTOS/Source/portable/GCC/ARM_CM4F/port.o
 .debug_info    0x00000000000121fa      0xca5 Middlewares/Third_Party/FreeRTOS/Source/portable/MemMang/heap_4.o
 .debug_info    0x0000000000012e9f     0x2848 Middlewares/Third_Party/FreeRTOS/Source/queue.o
 .debug_info    0x00000000000156e7     0x2e2d Middlewares/Third_Party/FreeRTOS/Source/tasks.o
 .debug_info    0x0000000000018514     0x14ba Src/freertos.o
 .debug_info    0x00000000000199ce     0x2fbc Src/main.o
 .debug_info    0x000000000001c98a     0x209b Src/stm32f4xx_hal_msp.o
 .debug_info    0x000000000001ea25      0xb2c Src/stm32f4xx_hal_timebase_tim.o
 .debug_info    0x000000000001f551     0x1929 Src/stm32f4xx_it.o
 .debug_info    0x0000000000020e7a      0x534 Src/system_stm32f4xx.o
 .debug_info    0x00000000000213ae       0xa5 startup/startup_stm32f401xe.o

.debug_abbrev   0x0000000000000000     0x4049
 .debug_abbrev  0x0000000000000000      0x3dc Drivers/BSP/Components/l6206/l6206.o
 .debug_abbrev  0x00000000000003dc      0x225 Drivers/BSP/STM32F4xx-Nucleo/stm32f4xx_nucleo.o
 .debug_abbrev  0x0000000000000601      0x2a2 Drivers/BSP/X-NUCLEO-IHMxx/x_nucleo_ihm04a1_stm32f4xx.o
 .debug_abbrev  0x00000000000008a3      0x2d0 Drivers/BSP/X-NUCLEO-IHMxx/x_nucleo_ihmxx.o
 .debug_abbrev  0x0000000000000b73      0x268 Drivers/STM32F4xx_HAL_Driver/Src/stm32f4xx_hal.o
 .debug_abbrev  0x0000000000000ddb      0x314 Drivers/STM32F4xx_HAL_Driver/Src/stm32f4xx_hal_cortex.o
 .debug_abbrev  0x00000000000010ef      0x1ef Drivers/STM32F4xx_HAL_Driver/Src/stm32f4xx_hal_gpio.o
 .debug_abbrev  0x00000000000012de      0x2cb Drivers/STM32F4xx_HAL_Driver/Src/stm32f4xx_hal_rcc.o
 .debug_abbrev  0x00000000000015a9      0x333 Drivers/STM32F4xx_HAL_Driver/Src/stm32f4xx_hal_tim.o
 .debug_abbrev  0x00000000000018dc      0x2ab Drivers/STM32F4xx_HAL_Driver/Src/stm32f4xx_hal_tim_ex.o
 .debug_abbrev  0x0000000000001b87      0x30a Drivers/STM32F4xx_HAL_Driver/Src/stm32f4xx_hal_uart.o
 .debug_abbrev  0x0000000000001e91      0x457 Middlewares/Third_Party/FreeRTOS/Source/CMSIS_RTOS/cmsis_os.o
 .debug_abbrev  0x00000000000022e8      0x1ea Middlewares/Third_Party/FreeRTOS/Source/list.o
 .debug_abbrev  0x00000000000024d2      0x23a Middlewares/Third_Party/FreeRTOS/Source/portable/GCC/ARM_CM4F/port.o
 .debug_abbrev  0x000000000000270c      0x314 Middlewares/Third_Party/FreeRTOS/Source/portable/MemMang/heap_4.o
 .debug_abbrev  0x0000000000002a20      0x404 Middlewares/Third_Party/FreeRTOS/Source/queue.o
 .debug_abbrev  0x0000000000002e24      0x42a Middlewares/Third_Party/FreeRTOS/Source/tasks.o
 .debug_abbrev  0x000000000000324e      0x1d5 Src/freertos.o
 .debug_abbrev  0x0000000000003423      0x3de Src/main.o
 .debug_abbrev  0x0000000000003801      0x2b1 Src/stm32f4xx_hal_msp.o
 .debug_abbrev  0x0000000000003ab2      0x1f6 Src/stm32f4xx_hal_timebase_tim.o
 .debug_abbrev  0x0000000000003ca8      0x281 Src/stm32f4xx_it.o
 .debug_abbrev  0x0000000000003f29      0x10e Src/system_stm32f4xx.o
 .debug_abbrev  0x0000000000004037       0x12 startup/startup_stm32f401xe.o

.debug_loc      0x0000000000000000     0xc522
 .debug_loc     0x0000000000000000      0x95d Drivers/BSP/Components/l6206/l6206.o
 .debug_loc     0x000000000000095d      0x15b Drivers/BSP/STM32F4xx-Nucleo/stm32f4xx_nucleo.o
 .debug_loc     0x0000000000000ab8      0x4e4 Drivers/BSP/X-NUCLEO-IHMxx/x_nucleo_ihm04a1_stm32f4xx.o
 .debug_loc     0x0000000000000f9c     0x1c26 Drivers/BSP/X-NUCLEO-IHMxx/x_nucleo_ihmxx.o
 .debug_loc     0x0000000000002bc2      0x11b Drivers/STM32F4xx_HAL_Driver/Src/stm32f4xx_hal.o
 .debug_loc     0x0000000000002cdd      0x4fb Drivers/STM32F4xx_HAL_Driver/Src/stm32f4xx_hal_cortex.o
 .debug_loc     0x00000000000031d8      0x321 Drivers/STM32F4xx_HAL_Driver/Src/stm32f4xx_hal_gpio.o
 .debug_loc     0x00000000000034f9      0x336 Drivers/STM32F4xx_HAL_Driver/Src/stm32f4xx_hal_rcc.o
 .debug_loc     0x000000000000382f     0x2f57 Drivers/STM32F4xx_HAL_Driver/Src/stm32f4xx_hal_tim.o
 .debug_loc     0x0000000000006786      0xa7c Drivers/STM32F4xx_HAL_Driver/Src/stm32f4xx_hal_tim_ex.o
 .debug_loc     0x0000000000007202     0x1335 Drivers/STM32F4xx_HAL_Driver/Src/stm32f4xx_hal_uart.o
 .debug_loc     0x0000000000008537     0x101b Middlewares/Third_Party/FreeRTOS/Source/CMSIS_RTOS/cmsis_os.o
 .debug_loc     0x0000000000009552       0x94 Middlewares/Third_Party/FreeRTOS/Source/list.o
 .debug_loc     0x00000000000095e6       0xcf Middlewares/Third_Party/FreeRTOS/Source/portable/GCC/ARM_CM4F/port.o
 .debug_loc     0x00000000000096b5      0x390 Middlewares/Third_Party/FreeRTOS/Source/portable/MemMang/heap_4.o
 .debug_loc     0x0000000000009a45     0x11de Middlewares/Third_Party/FreeRTOS/Source/queue.o
 .debug_loc     0x000000000000ac23     0x146e Middlewares/Third_Party/FreeRTOS/Source/tasks.o
 .debug_loc     0x000000000000c091      0x1a6 Src/main.o
 .debug_loc     0x000000000000c237      0x12a Src/stm32f4xx_hal_msp.o
 .debug_loc     0x000000000000c361       0xa5 Src/stm32f4xx_hal_timebase_tim.o
 .debug_loc     0x000000000000c406      0x11c Src/system_stm32f4xx.o

.debug_aranges  0x0000000000000000     0x12c0
 .debug_aranges
                0x0000000000000000      0x100 Drivers/BSP/Components/l6206/l6206.o
 .debug_aranges
                0x0000000000000100       0x60 Drivers/BSP/STM32F4xx-Nucleo/stm32f4xx_nucleo.o
 .debug_aranges
                0x0000000000000160       0x60 Drivers/BSP/X-NUCLEO-IHMxx/x_nucleo_ihm04a1_stm32f4xx.o
 .debug_aranges
                0x00000000000001c0      0x2e8 Drivers/BSP/X-NUCLEO-IHMxx/x_nucleo_ihmxx.o
 .debug_aranges
                0x00000000000004a8       0xe8 Drivers/STM32F4xx_HAL_Driver/Src/stm32f4xx_hal.o
 .debug_aranges
                0x0000000000000590       0xa8 Drivers/STM32F4xx_HAL_Driver/Src/stm32f4xx_hal_cortex.o
 .debug_aranges
                0x0000000000000638       0x58 Drivers/STM32F4xx_HAL_Driver/Src/stm32f4xx_hal_gpio.o
 .debug_aranges
                0x0000000000000690       0x88 Drivers/STM32F4xx_HAL_Driver/Src/stm32f4xx_hal_rcc.o
 .debug_aranges
                0x0000000000000718      0x278 Drivers/STM32F4xx_HAL_Driver/Src/stm32f4xx_hal_tim.o
 .debug_aranges
                0x0000000000000990       0xf8 Drivers/STM32F4xx_HAL_Driver/Src/stm32f4xx_hal_tim_ex.o
 .debug_aranges
                0x0000000000000a88      0x170 Drivers/STM32F4xx_HAL_Driver/Src/stm32f4xx_hal_uart.o
 .debug_aranges
                0x0000000000000bf8      0x190 Middlewares/Third_Party/FreeRTOS/Source/CMSIS_RTOS/cmsis_os.o
 .debug_aranges
                0x0000000000000d88       0x40 Middlewares/Third_Party/FreeRTOS/Source/list.o
 .debug_aranges
                0x0000000000000dc8       0x80 Middlewares/Third_Party/FreeRTOS/Source/portable/GCC/ARM_CM4F/port.o
 .debug_aranges
                0x0000000000000e48       0x48 Middlewares/Third_Party/FreeRTOS/Source/portable/MemMang/heap_4.o
 .debug_aranges
                0x0000000000000e90       0xf0 Middlewares/Third_Party/FreeRTOS/Source/queue.o
 .debug_aranges
                0x0000000000000f80      0x198 Middlewares/Third_Party/FreeRTOS/Source/tasks.o
 .debug_aranges
                0x0000000000001118       0x20 Src/freertos.o
 .debug_aranges
                0x0000000000001138       0x68 Src/main.o
 .debug_aranges
                0x00000000000011a0       0x48 Src/stm32f4xx_hal_msp.o
 .debug_aranges
                0x00000000000011e8       0x30 Src/stm32f4xx_hal_timebase_tim.o
 .debug_aranges
                0x0000000000001218       0x58 Src/stm32f4xx_it.o
 .debug_aranges
                0x0000000000001270       0x28 Src/system_stm32f4xx.o
 .debug_aranges
                0x0000000000001298       0x28 startup/startup_stm32f401xe.o

.debug_ranges   0x0000000000000000     0x1778
 .debug_ranges  0x0000000000000000      0x180 Drivers/BSP/Components/l6206/l6206.o
 .debug_ranges  0x0000000000000180       0x78 Drivers/BSP/STM32F4xx-Nucleo/stm32f4xx_nucleo.o
 .debug_ranges  0x00000000000001f8       0x90 Drivers/BSP/X-NUCLEO-IHMxx/x_nucleo_ihm04a1_stm32f4xx.o
 .debug_ranges  0x0000000000000288      0x2d8 Drivers/BSP/X-NUCLEO-IHMxx/x_nucleo_ihmxx.o
 .debug_ranges  0x0000000000000560       0xd8 Drivers/STM32F4xx_HAL_Driver/Src/stm32f4xx_hal.o
 .debug_ranges  0x0000000000000638      0x128 Drivers/STM32F4xx_HAL_Driver/Src/stm32f4xx_hal_cortex.o
 .debug_ranges  0x0000000000000760       0x68 Drivers/STM32F4xx_HAL_Driver/Src/stm32f4xx_hal_gpio.o
 .debug_ranges  0x00000000000007c8       0xb0 Drivers/STM32F4xx_HAL_Driver/Src/stm32f4xx_hal_rcc.o
 .debug_ranges  0x0000000000000878      0x340 Drivers/STM32F4xx_HAL_Driver/Src/stm32f4xx_hal_tim.o
 .debug_ranges  0x0000000000000bb8       0xe8 Drivers/STM32F4xx_HAL_Driver/Src/stm32f4xx_hal_tim_ex.o
 .debug_ranges  0x0000000000000ca0      0x178 Drivers/STM32F4xx_HAL_Driver/Src/stm32f4xx_hal_uart.o
 .debug_ranges  0x0000000000000e18      0x180 Middlewares/Third_Party/FreeRTOS/Source/CMSIS_RTOS/cmsis_os.o
 .debug_ranges  0x0000000000000f98       0x30 Middlewares/Third_Party/FreeRTOS/Source/list.o
 .debug_ranges  0x0000000000000fc8       0x70 Middlewares/Third_Party/FreeRTOS/Source/portable/GCC/ARM_CM4F/port.o
 .debug_ranges  0x0000000000001038       0x38 Middlewares/Third_Party/FreeRTOS/Source/portable/MemMang/heap_4.o
 .debug_ranges  0x0000000000001070      0x220 Middlewares/Third_Party/FreeRTOS/Source/queue.o
 .debug_ranges  0x0000000000001290      0x248 Middlewares/Third_Party/FreeRTOS/Source/tasks.o
 .debug_ranges  0x00000000000014d8       0x10 Src/freertos.o
 .debug_ranges  0x00000000000014e8      0x100 Src/main.o
 .debug_ranges  0x00000000000015e8       0xd0 Src/stm32f4xx_hal_msp.o
 .debug_ranges  0x00000000000016b8       0x40 Src/stm32f4xx_hal_timebase_tim.o
 .debug_ranges  0x00000000000016f8       0x48 Src/stm32f4xx_it.o
 .debug_ranges  0x0000000000001740       0x18 Src/system_stm32f4xx.o
 .debug_ranges  0x0000000000001758       0x20 startup/startup_stm32f401xe.o

.debug_line     0x0000000000000000     0x8fb9
 .debug_line    0x0000000000000000      0x5da Drivers/BSP/Components/l6206/l6206.o
 .debug_line    0x00000000000005da      0x2d3 Drivers/BSP/STM32F4xx-Nucleo/stm32f4xx_nucleo.o
 .debug_line    0x00000000000008ad      0x416 Drivers/BSP/X-NUCLEO-IHMxx/x_nucleo_ihm04a1_stm32f4xx.o
 .debug_line    0x0000000000000cc3      0xc07 Drivers/BSP/X-NUCLEO-IHMxx/x_nucleo_ihmxx.o
 .debug_line    0x00000000000018ca      0x405 Drivers/STM32F4xx_HAL_Driver/Src/stm32f4xx_hal.o
 .debug_line    0x0000000000001ccf      0x440 Drivers/STM32F4xx_HAL_Driver/Src/stm32f4xx_hal_cortex.o
 .debug_line    0x000000000000210f      0x3b3 Drivers/STM32F4xx_HAL_Driver/Src/stm32f4xx_hal_gpio.o
 .debug_line    0x00000000000024c2      0x4de Drivers/STM32F4xx_HAL_Driver/Src/stm32f4xx_hal_rcc.o
 .debug_line    0x00000000000029a0     0x10b5 Drivers/STM32F4xx_HAL_Driver/Src/stm32f4xx_hal_tim.o
 .debug_line    0x0000000000003a55      0x667 Drivers/STM32F4xx_HAL_Driver/Src/stm32f4xx_hal_tim_ex.o
 .debug_line    0x00000000000040bc      0xb60 Drivers/STM32F4xx_HAL_Driver/Src/stm32f4xx_hal_uart.o
 .debug_line    0x0000000000004c1c      0x8d7 Middlewares/Third_Party/FreeRTOS/Source/CMSIS_RTOS/cmsis_os.o
 .debug_line    0x00000000000054f3      0x33b Middlewares/Third_Party/FreeRTOS/Source/list.o
 .debug_line    0x000000000000582e      0x355 Middlewares/Third_Party/FreeRTOS/Source/portable/GCC/ARM_CM4F/port.o
 .debug_line    0x0000000000005b83      0x3e9 Middlewares/Third_Party/FreeRTOS/Source/portable/MemMang/heap_4.o
 .debug_line    0x0000000000005f6c      0x97f Middlewares/Third_Party/FreeRTOS/Source/queue.o
 .debug_line    0x00000000000068eb      0xc4b Middlewares/Third_Party/FreeRTOS/Source/tasks.o
 .debug_line    0x0000000000007536      0x415 Src/freertos.o
 .debug_line    0x000000000000794b      0x813 Src/main.o
 .debug_line    0x000000000000815e      0x523 Src/stm32f4xx_hal_msp.o
 .debug_line    0x0000000000008681      0x27a Src/stm32f4xx_hal_timebase_tim.o
 .debug_line    0x00000000000088fb      0x477 Src/stm32f4xx_it.o
 .debug_line    0x0000000000008d72      0x1c8 Src/system_stm32f4xx.o
 .debug_line    0x0000000000008f3a       0x7f startup/startup_stm32f401xe.o

.debug_str      0x0000000000000000     0x72bf
 .debug_str     0x0000000000000000     0x108a Drivers/BSP/Components/l6206/l6206.o
                                       0x160f (size before relaxing)
 .debug_str     0x000000000000108a      0x763 Drivers/BSP/STM32F4xx-Nucleo/stm32f4xx_nucleo.o
                                        0x97f (size before relaxing)
 .debug_str     0x00000000000017ed      0x633 Drivers/BSP/X-NUCLEO-IHMxx/x_nucleo_ihm04a1_stm32f4xx.o
                                        0xf31 (size before relaxing)
 .debug_str     0x0000000000001e20      0xcca Drivers/BSP/X-NUCLEO-IHMxx/x_nucleo_ihmxx.o
                                       0x167b (size before relaxing)
 .debug_str     0x0000000000002aea      0x391 Drivers/STM32F4xx_HAL_Driver/Src/stm32f4xx_hal.o
                                        0xa92 (size before relaxing)
 .debug_str     0x0000000000002e7b      0x44e Drivers/STM32F4xx_HAL_Driver/Src/stm32f4xx_hal_cortex.o
                                        0xb4b (size before relaxing)
 .debug_str     0x00000000000032c9       0xe7 Drivers/STM32F4xx_HAL_Driver/Src/stm32f4xx_hal_gpio.o
                                        0x585 (size before relaxing)
 .debug_str     0x00000000000033b0      0x2c1 Drivers/STM32F4xx_HAL_Driver/Src/stm32f4xx_hal_rcc.o
                                        0x758 (size before relaxing)
 .debug_str     0x0000000000003671      0xd98 Drivers/STM32F4xx_HAL_Driver/Src/stm32f4xx_hal_tim.o
                                       0x1550 (size before relaxing)
 .debug_str     0x0000000000004409      0x4d8 Drivers/STM32F4xx_HAL_Driver/Src/stm32f4xx_hal_tim_ex.o
                                        0xd68 (size before relaxing)
 .debug_str     0x00000000000048e1      0x6f7 Drivers/STM32F4xx_HAL_Driver/Src/stm32f4xx_hal_uart.o
                                        0xc9b (size before relaxing)
 .debug_str     0x0000000000004fd8      0xd6e Middlewares/Third_Party/FreeRTOS/Source/CMSIS_RTOS/cmsis_os.o
                                       0x1477 (size before relaxing)
 .debug_str     0x0000000000005d46      0x143 Middlewares/Third_Party/FreeRTOS/Source/list.o
                                        0x780 (size before relaxing)
 .debug_str     0x0000000000005e89      0x239 Middlewares/Third_Party/FreeRTOS/Source/portable/GCC/ARM_CM4F/port.o
                                        0x4c6 (size before relaxing)
 .debug_str     0x00000000000060c2      0x1e8 Middlewares/Third_Party/FreeRTOS/Source/portable/MemMang/heap_4.o
                                        0x869 (size before relaxing)
 .debug_str     0x00000000000062aa      0x52c Middlewares/Third_Party/FreeRTOS/Source/queue.o
                                        0xf41 (size before relaxing)
 .debug_str     0x00000000000067d6      0x780 Middlewares/Third_Party/FreeRTOS/Source/tasks.o
                                       0x1454 (size before relaxing)
 .debug_str     0x0000000000006f56       0x5e Src/freertos.o
                                        0xf09 (size before relaxing)
 .debug_str     0x0000000000006fb4      0x1a1 Src/main.o
                                       0x24ac (size before relaxing)
 .debug_str     0x0000000000007155       0x24 Src/stm32f4xx_hal_msp.o
                                       0x199b (size before relaxing)
 .debug_str     0x0000000000007179       0x50 Src/stm32f4xx_hal_timebase_tim.o
                                        0xc8e (size before relaxing)
 .debug_str     0x00000000000071c9       0xb1 Src/stm32f4xx_it.o
                                       0x12db (size before relaxing)
 .debug_str     0x000000000000727a       0x45 Src/system_stm32f4xx.o
                                        0x3e9 (size before relaxing)

.comment        0x0000000000000000       0x7c
 .comment       0x0000000000000000       0x7c Drivers/BSP/Components/l6206/l6206.o
                                         0x7d (size before relaxing)
 .comment       0x000000000000007c       0x7d Drivers/BSP/STM32F4xx-Nucleo/stm32f4xx_nucleo.o
 .comment       0x000000000000007c       0x7d Drivers/BSP/X-NUCLEO-IHMxx/x_nucleo_ihm04a1_stm32f4xx.o
 .comment       0x000000000000007c       0x7d Drivers/BSP/X-NUCLEO-IHMxx/x_nucleo_ihmxx.o
 .comment       0x000000000000007c       0x7d Drivers/STM32F4xx_HAL_Driver/Src/stm32f4xx_hal.o
 .comment       0x000000000000007c       0x7d Drivers/STM32F4xx_HAL_Driver/Src/stm32f4xx_hal_cortex.o
 .comment       0x000000000000007c       0x7d Drivers/STM32F4xx_HAL_Driver/Src/stm32f4xx_hal_gpio.o
 .comment       0x000000000000007c       0x7d Drivers/STM32F4xx_HAL_Driver/Src/stm32f4xx_hal_rcc.o
 .comment       0x000000000000007c       0x7d Drivers/STM32F4xx_HAL_Driver/Src/stm32f4xx_hal_tim.o
 .comment       0x000000000000007c       0x7d Drivers/STM32F4xx_HAL_Driver/Src/stm32f4xx_hal_tim_ex.o
 .comment       0x000000000000007c       0x7d Drivers/STM32F4xx_HAL_Driver/Src/stm32f4xx_hal_uart.o
 .comment       0x000000000000007c       0x7d Middlewares/Third_Party/FreeRTOS/Source/CMSIS_RTOS/cmsis_os.o
 .comment       0x000000000000007c       0x7d Middlewares/Third_Party/FreeRTOS/Source/list.o
 .comment       0x000000000000007c       0x7d Middlewares/Third_Party/FreeRTOS/Source/portable/GCC/ARM_CM4F/port.o
 .comment       0x000000000000007c       0x7d Middlewares/Third_Party/FreeRTOS/Source/portable/MemMang/heap_4.o
 .comment       0x000000000000007c       0x7d Middlewares/Third_Party/FreeRTOS/Source/queue.o
 .comment       0x000000000000007c       0x7d Middlewares/Third_Party/FreeRTOS/Source/tasks.o
 .comment       0x000000000000007c       0x7d Src/freertos.o
 .comment       0x000000000000007c       0x7d Src/main.o
 .comment       0x000000000000007c       0x7d Src/stm32f4xx_hal_msp.o
 .comment       0x000000000000007c       0x7d Src/stm32f4xx_hal_timebase_tim.o
 .comment       0x000000000000007c       0x7d Src/stm32f4xx_it.o
 .comment       0x000000000000007c       0x7d Src/system_stm32f4xx.o

.debug_frame    0x0000000000000000     0x38b0
 .debug_frame   0x0000000000000000      0x2f4 Drivers/BSP/Components/l6206/l6206.o
 .debug_frame   0x00000000000002f4       0xec Drivers/BSP/STM32F4xx-Nucleo/stm32f4xx_nucleo.o
 .debug_frame   0x00000000000003e0      0x110 Drivers/BSP/X-NUCLEO-IHMxx/x_nucleo_ihm04a1_stm32f4xx.o
 .debug_frame   0x00000000000004f0      0x888 Drivers/BSP/X-NUCLEO-IHMxx/x_nucleo_ihmxx.o
 .debug_frame   0x0000000000000d78      0x1f0 Drivers/STM32F4xx_HAL_Driver/Src/stm32f4xx_hal.o
 .debug_frame   0x0000000000000f68      0x158 Drivers/STM32F4xx_HAL_Driver/Src/stm32f4xx_hal_cortex.o
 .debug_frame   0x00000000000010c0       0xd8 Drivers/STM32F4xx_HAL_Driver/Src/stm32f4xx_hal_gpio.o
 .debug_frame   0x0000000000001198      0x13c Drivers/STM32F4xx_HAL_Driver/Src/stm32f4xx_hal_rcc.o
 .debug_frame   0x00000000000012d4      0x928 Drivers/STM32F4xx_HAL_Driver/Src/stm32f4xx_hal_tim.o
 .debug_frame   0x0000000000001bfc      0x360 Drivers/STM32F4xx_HAL_Driver/Src/stm32f4xx_hal_tim_ex.o
 .debug_frame   0x0000000000001f5c      0x4a0 Drivers/STM32F4xx_HAL_Driver/Src/stm32f4xx_hal_uart.o
 .debug_frame   0x00000000000023fc      0x4f4 Middlewares/Third_Party/FreeRTOS/Source/CMSIS_RTOS/cmsis_os.o
 .debug_frame   0x00000000000028f0       0x6c Middlewares/Third_Party/FreeRTOS/Source/list.o
 .debug_frame   0x000000000000295c       0xfc Middlewares/Third_Party/FreeRTOS/Source/portable/GCC/ARM_CM4F/port.o
 .debug_frame   0x0000000000002a58       0x98 Middlewares/Third_Party/FreeRTOS/Source/portable/MemMang/heap_4.o
 .debug_frame   0x0000000000002af0      0x31c Middlewares/Third_Party/FreeRTOS/Source/queue.o
 .debug_frame   0x0000000000002e0c      0x54c Middlewares/Third_Party/FreeRTOS/Source/tasks.o
 .debug_frame   0x0000000000003358       0x20 Src/freertos.o
 .debug_frame   0x0000000000003378      0x110 Src/main.o
 .debug_frame   0x0000000000003488       0xa8 Src/stm32f4xx_hal_msp.o
 .debug_frame   0x0000000000003530       0x54 Src/stm32f4xx_hal_timebase_tim.o
 .debug_frame   0x0000000000003584       0xac Src/stm32f4xx_it.o
 .debug_frame   0x0000000000003630       0x38 Src/system_stm32f4xx.o
 .debug_frame   0x0000000000003668       0x2c /opt/Atollic_TrueSTUDIO_for_STM32_x86_64_9.3.0/ARMTools/bin/../lib/gcc/arm-atollic-eabi/6.3.1/../../../../arm-atollic-eabi/lib/armv7e-m/fpu/libc_nano.a(lib_a-init.o)
 .debug_frame   0x0000000000003694       0x28 /opt/Atollic_TrueSTUDIO_for_STM32_x86_64_9.3.0/ARMTools/bin/../lib/gcc/arm-atollic-eabi/6.3.1/../../../../arm-atollic-eabi/lib/armv7e-m/fpu/libc_nano.a(lib_a-memcpy-stub.o)
 .debug_frame   0x00000000000036bc       0x20 /opt/Atollic_TrueSTUDIO_for_STM32_x86_64_9.3.0/ARMTools/bin/../lib/gcc/arm-atollic-eabi/6.3.1/../../../../arm-atollic-eabi/lib/armv7e-m/fpu/libc_nano.a(lib_a-memset.o)
 .debug_frame   0x00000000000036dc       0x88 /opt/Atollic_TrueSTUDIO_for_STM32_x86_64_9.3.0/ARMTools/bin/../lib/gcc/arm-atollic-eabi/6.3.1/../../../../arm-atollic-eabi/lib/armv7e-m/fpu/libc_nano.a(lib_a-strtol.o)
 .debug_frame   0x0000000000003764       0x68 /opt/Atollic_TrueSTUDIO_for_STM32_x86_64_9.3.0/ARMTools/bin/../lib/gcc/arm-atollic-eabi/6.3.1/../../../../arm-atollic-eabi/lib/armv7e-m/fpu/libc_nano.a(lib_a-locale.o)
 .debug_frame   0x00000000000037cc       0x48 /opt/Atollic_TrueSTUDIO_for_STM32_x86_64_9.3.0/ARMTools/bin/../lib/gcc/arm-atollic-eabi/6.3.1/../../../../arm-atollic-eabi/lib/armv7e-m/fpu/libc_nano.a(lib_a-mbtowc_r.o)
 .debug_frame   0x0000000000003814       0x3c /opt/Atollic_TrueSTUDIO_for_STM32_x86_64_9.3.0/ARMTools/bin/../lib/gcc/arm-atollic-eabi/6.3.1/../../../../arm-atollic-eabi/lib/armv7e-m/fpu/libc_nano.a(lib_a-wctomb_r.o)
 .debug_frame   0x0000000000003850       0x2c /opt/Atollic_TrueSTUDIO_for_STM32_x86_64_9.3.0/ARMTools/bin/../lib/gcc/arm-atollic-eabi/6.3.1/armv7e-m/fpu/libgcc.a(_aeabi_uldivmod.o)
 .debug_frame   0x000000000000387c       0x34 /opt/Atollic_TrueSTUDIO_for_STM32_x86_64_9.3.0/ARMTools/bin/../lib/gcc/arm-atollic-eabi/6.3.1/armv7e-m/fpu/libgcc.a(_udivmoddi4.o)
