x_nucleo_ihmxx.c:98:20:L6474_GetMotorHandle	0	static
x_nucleo_ihmxx.c:100:20:l647x_GetMotorHandle	0	static
x_nucleo_ihmxx.c:102:20:l648x_GetMotorHandle	0	static
x_nucleo_ihmxx.c:104:20:Powerstep01_GetMotorHandle	0	static
x_nucleo_ihmxx.c:106:20:L6206_GetMotorHandle	0	static
x_nucleo_ihmxx.c:108:20:L6208_GetMotorHandle	0	static
x_nucleo_ihmxx.c:110:20:Stspin220_GetMotorHandle	0	static
x_nucleo_ihmxx.c:112:20:Stspin240_250_GetMotorHandle	0	static
x_nucleo_ihmxx.c:186:6:BSP_MotorControl_ErrorHandler	0	static
x_nucleo_ihmxx.c:129:6:BSP_MotorControl_AttachErrorHandler	0	static
x_nucleo_ihmxx.c:149:6:BSP_MotorControl_AttachFlagInterrupt	0	static
x_nucleo_ihmxx.c:169:6:BSP_MotorControl_AttachBusyInterrupt	0	static
x_nucleo_ihmxx.c:209:6:BSP_MotorControl_Init	0	static
x_nucleo_ihmxx.c:225:6:BSP_MotorControl_FlagInterruptHandler	0	static
x_nucleo_ihmxx.c:242:10:BSP_MotorControl_GetAcceleration	8	static
x_nucleo_ihmxx.c:261:10:BSP_MotorControl_GetBoardId	0	static
x_nucleo_ihmxx.c:273:10:BSP_MotorControl_GetCurrentSpeed	8	static
x_nucleo_ihmxx.c:293:10:BSP_MotorControl_GetDeceleration	8	static
x_nucleo_ihmxx.c:316:14:BSP_MotorControl_GetDeviceState	8	static
x_nucleo_ihmxx.c:337:10:BSP_MotorControl_GetFwVersion	8	static
x_nucleo_ihmxx.c:358:9:BSP_MotorControl_GetMark	8	static
x_nucleo_ihmxx.c:381:10:BSP_MotorControl_GetMaxSpeed	8	static
x_nucleo_ihmxx.c:401:10:BSP_MotorControl_GetMinSpeed	8	static
x_nucleo_ihmxx.c:422:9:BSP_MotorControl_GetPosition	8	static
x_nucleo_ihmxx.c:443:6:BSP_MotorControl_GoHome	0	static
x_nucleo_ihmxx.c:461:6:BSP_MotorControl_GoMark	0	static
x_nucleo_ihmxx.c:480:6:BSP_MotorControl_GoTo	0	static
x_nucleo_ihmxx.c:499:6:BSP_MotorControl_HardStop	0	static
x_nucleo_ihmxx.c:519:6:BSP_MotorControl_Move	0	static
x_nucleo_ihmxx.c:535:6:BSP_MotorControl_ResetAllDevices	0	static
x_nucleo_ihmxx.c:558:6:BSP_MotorControl_Run	0	static
x_nucleo_ihmxx.c:578:6:BSP_MotorControl_SetAcceleration	8	static
x_nucleo_ihmxx.c:601:6:BSP_MotorControl_SetDeceleration	8	static
x_nucleo_ihmxx.c:622:6:BSP_MotorControl_SetHome	0	static
x_nucleo_ihmxx.c:641:6:BSP_MotorControl_SetMark	0	static
x_nucleo_ihmxx.c:664:6:BSP_MotorControl_SetMaxSpeed	8	static
x_nucleo_ihmxx.c:687:6:BSP_MotorControl_SetMinSpeed	8	static
x_nucleo_ihmxx.c:710:6:BSP_MotorControl_SoftStop	8	static
x_nucleo_ihmxx.c:732:6:BSP_MotorControl_StepClockHandler	0	static
x_nucleo_ihmxx.c:749:6:BSP_MotorControl_WaitWhileActive	0	static
x_nucleo_ihmxx.c:779:6:BSP_MotorControl_CmdDisable	0	static
x_nucleo_ihmxx.c:801:6:BSP_MotorControl_CmdEnable	0	static
x_nucleo_ihmxx.c:819:10:BSP_MotorControl_CmdGetParam	8	static
x_nucleo_ihmxx.c:847:10:BSP_MotorControl_CmdGetStatus	8	static
x_nucleo_ihmxx.c:866:6:BSP_MotorControl_CmdNop	0	static
x_nucleo_ihmxx.c:885:6:BSP_MotorControl_CmdSetParam	0	static
x_nucleo_ihmxx.c:906:10:BSP_MotorControl_ReadStatusRegister	8	static
x_nucleo_ihmxx.c:925:6:BSP_MotorControl_ReleaseReset	0	static
x_nucleo_ihmxx.c:941:6:BSP_MotorControl_Reset	0	static
x_nucleo_ihmxx.c:961:6:BSP_MotorControl_SelectStepMode	8	static
x_nucleo_ihmxx.c:987:6:BSP_MotorControl_SetDirection	0	static
x_nucleo_ihmxx.c:1007:6:BSP_MotorControl_CmdGoToDir	0	static
x_nucleo_ihmxx.c:1025:9:BSP_MotorControl_CheckBusyHw	8	static
x_nucleo_ihmxx.c:1046:9:BSP_MotorControl_CheckStatusHw	8	static
x_nucleo_ihmxx.c:1068:6:BSP_MotorControl_CmdGoUntil	4	static
x_nucleo_ihmxx.c:1089:6:BSP_MotorControl_CmdHardHiZ	0	static
x_nucleo_ihmxx.c:1108:6:BSP_MotorControl_CmdReleaseSw	0	static
x_nucleo_ihmxx.c:1125:6:BSP_MotorControl_CmdResetDevice	0	static
x_nucleo_ihmxx.c:1142:6:BSP_MotorControl_CmdResetPos	0	static
x_nucleo_ihmxx.c:1161:6:BSP_MotorControl_CmdRun	0	static
x_nucleo_ihmxx.c:1178:6:BSP_MotorControl_CmdSoftHiZ	0	static
x_nucleo_ihmxx.c:1196:6:BSP_MotorControl_CmdStepClock	0	static
x_nucleo_ihmxx.c:1218:6:BSP_MotorControl_FetchAndClearAllStatus	0	static
x_nucleo_ihmxx.c:1238:10:BSP_MotorControl_GetFetchedStatus	8	static
x_nucleo_ihmxx.c:1256:9:BSP_MotorControl_GetNbDevices	8	static
x_nucleo_ihmxx.c:1276:6:BSP_MotorControl_IsDeviceBusy	8	static
x_nucleo_ihmxx.c:1295:6:BSP_MotorControl_SendQueuedCommands	0	static
x_nucleo_ihmxx.c:1321:6:BSP_MotorControl_QueueCommands	0	static
x_nucleo_ihmxx.c:1337:6:BSP_MotorControl_WaitForAllDevicesNotBusy	0	static
x_nucleo_ihmxx.c:1353:6:BSP_MotorControl_BusyInterruptHandler	0	static
x_nucleo_ihmxx.c:1370:6:BSP_MotorControl_CmdSoftStop	0	static
x_nucleo_ihmxx.c:1388:6:BSP_MotorControl_StartStepClock	0	static
x_nucleo_ihmxx.c:1404:6:BSP_MotorControl_StopStepClock	0	static
x_nucleo_ihmxx.c:1424:6:BSP_MotorControl_SetDualFullBridgeConfig	0	static
x_nucleo_ihmxx.c:1442:10:BSP_MotorControl_GetBridgeInputPwmFreq	8	static
x_nucleo_ihmxx.c:1464:6:BSP_MotorControl_SetBridgeInputPwmFreq	0	static
x_nucleo_ihmxx.c:1485:6:BSP_MotorControl_SetStopMode	0	static
x_nucleo_ihmxx.c:1503:17:BSP_MotorControl_GetStopMode	8	static
x_nucleo_ihmxx.c:1525:6:BSP_MotorControl_SetDecayMode	0	static
x_nucleo_ihmxx.c:1543:18:BSP_MotorControl_GetDecayMode	8	static
x_nucleo_ihmxx.c:1564:17:BSP_MotorControl_GetStepMode	8	static
x_nucleo_ihmxx.c:1585:12:BSP_MotorControl_GetDirection	8	static
x_nucleo_ihmxx.c:1605:6:BSP_MotorControl_ExitDeviceFromReset	0	static
x_nucleo_ihmxx.c:1623:9:BSP_MotorControl_GetTorque	8	static
x_nucleo_ihmxx.c:1645:6:BSP_MotorControl_SetTorque	0	static
x_nucleo_ihmxx.c:1663:6:BSP_MotorControl_SetRefFreq	0	static
x_nucleo_ihmxx.c:1680:10:BSP_MotorControl_GetRefFreq	8	static
x_nucleo_ihmxx.c:1700:6:BSP_MotorControl_SetRefDc	0	static
x_nucleo_ihmxx.c:1717:9:BSP_MotorControl_GetRefDc	8	static
x_nucleo_ihmxx.c:1739:6:BSP_MotorControl_SetNbDevices	16	static
x_nucleo_ihmxx.c:1798:6:BSP_MotorControl_SetAnalogValue	8	static
x_nucleo_ihmxx.c:1818:7:BSP_MotorControl_GetAnalogValue	8	static
x_nucleo_ihmxx.c:1838:6:BSP_MotorControl_SetTorqueBoostEnable	0	static
x_nucleo_ihmxx.c:1855:6:BSP_MotorControl_GetTorqueBoostEnable	8	static
x_nucleo_ihmxx.c:1876:6:BSP_MotorControl_SetTorqueBoostThreshold	0	static
x_nucleo_ihmxx.c:1894:10:BSP_MotorControl_GetTorqueBoostThreshold	8	static
x_nucleo_ihmxx.c:1915:9:BSP_MotorControl_GetDualFullBridgeConfig	8	static
