l6206.c:255:6:L6206_AttachErrorHandler	0	static
l6206.c:269:6:L6206_AttachFlagInterrupt	0	static
l6206.c:365:10:L6206_GetBridgeInputPwmFreq	0	static
l6206.c:415:10:L6206_GetFwVersion	0	static
l6206.c:575:10:L6206_ReadId	0	static
l6206.c:803:6:L6206_SetNbDevices	0	static
l6206.c:825:6:L6206_ErrorHandler	0	static
l6206.c:375:10:L6206_GetCurrentSpeed	8	static
l6206.c:396:14:L6206_GetDeviceState	8	static
l6206.c:425:10:L6206_GetMaxSpeed	8	static
l6206.c:453:10:L6206_GetBridgeStatus	8	static
l6206.c:844:6:L6206_FlagInterruptHandler	8	static
l6206.c:642:6:L6206_SetDualFullBridgeConfig	8	static
l6206.c:282:6:L6206_DisableBridge	16	static
l6206.c:309:6:L6206_EnableBridge	16	static
l6206.c:443:13:L6206_GetMotorHandle	0	static
l6206.c:871:9:L6206_GetBridgeIdUsedByMotorId	0	static
l6206.c:919:9:L6206_GetMotorIdUsingbridgeInput	0	static
l6206.c:1011:9:L6206_GetBridgeInputUsedByMotorId	0	static
l6206.c:1216:9:L6206_GetSecondBridgeInputUsedByMotorId	8	static
l6206.c:1338:6:L6206_IsBidirectionnalMotor	0	static
l6206.c:543:6:L6206_HardStop	16	static
l6206.c:468:6:L6206_HardHiz	16	static
l6206.c:588:6:L6206_Run	24	static
l6206.c:710:6:L6206_SetMaxSpeed	24	static
l6206.c:751:6:L6206_SetBridgeInputPwmFreq	32	static
l6206.c:1382:6:L6206_SetDeviceParamsToPredefinedValues	16	static
l6206.c:1415:6:L6206_SetDeviceParamsToGivenValues	12	static
l6206.c:338:6:L6206_Init	8	static
